<html>
<body>
<pre>
<h1>µVision Build Log</h1>
<h2>Project:</h2>
E:\Project_Git\5CH_Git\5CH_Code\baseos.uvproj
Project File Date:  12/14/2018

<h2>Output:</h2>
Rebuild target 'SRAM'
compiling app.c...
compiling stm32f10x_it.c...
compiling config.c...
compiling Relay.c...
compiling DICA.c...
compiling Beep.c...
compiling serial.c...
compiling UartCmd.c...
compiling AT.C...
compiling sapp.c...
compiling Printf.c...
compiling adc.c...
compiling Display.c...
compiling list.c...
compiling modbus.c...
Source\APP\modbus.c(558): warning: C4017W: pol may be used before being set
Source\APP\modbus.c(2260): warning: C4017W: tmp may be used before being set
compiling stm32f10x_bkp.c...
compiling stm32f10x_exti.c...
compiling stm32f10x_gpio.c...
compiling stm32f10x_pwr.c...
compiling stm32f10x_rcc.c...
compiling stm32f10x_spi.c...
compiling stm32f10x_tim.c...
compiling stm32f10x_rtc.c...
compiling stm32f10x_flash.c...
compiling stm32f10x_adc.c...
compiling stm32f10x_can.c...
compiling stm32f10x_dma.c...
compiling stm32f10x_i2c.c...
compiling stm32f10x_iwdg.c...
compiling stm32f10x_usart.c...
compiling misc.c...
compiling core_cm3.c...
assembling startup_stm32f10x_hd.s...
compiling system_stm32f10x.c...
linking...
Program Size: Code=55308 RO-data=1140 RW-data=1048 ZI-data=16304  
FromELF: creating hex file...
".\Obj\0860210008WRDA_Main_V_1_0.axf" - 0 Errors, 2 Warning(s).
