ARM Linker, 5.03 [Build 76] [MDK-ARM Standard]

==============================================================================

Section Cross References

    app.o(.text) refers to iwdg_driver.o(.text) for IWDG_Feed
    app.o(.text) refers to timer.o(.text) for TimerProc
    app.o(.text) refers to sys_time.o(.text) for sys_time_proc
    app.o(.text) refers to serial.o(.text) for Serial_CheckRcvIdleTime
    app.o(.text) refers to beep.o(.text) for RunToggle
    app.o(.text) refers to display.o(.text) for Display_SecondTask
    app.o(.text) refers to sapp.o(.text) for SHZNAPP_SerialUnknowProc
    app.o(.text) refers to keyboard.o(.text) for RegisterKey
    app.o(.text) refers to stm32f10x_rcc.o(.text) for RCC_ClearFlag
    app.o(.text) refers to voslog.o(.text) for VOS_SetLogLevel
    app.o(.text) refers to gpio.o(.text) for stm32_gpio_init
    app.o(.text) refers to uartcmd.o(.text) for UartCmdInit
    app.o(.text) refers to printf.o(.text) for Printf_Init
    app.o(.text) refers to osal_snv.o(.text) for osal_snv_init
    app.o(.text) refers to config.o(.text) for Config_Init
    app.o(.text) refers to relay.o(.text) for InitRelays
    app.o(.text) refers to dica.o(.text) for Ioctrl_input_init
    app.o(.text) refers to adc.o(.text) for ADC_Meas_Init
    app.o(.text) refers to modbus.o(.text) for ModbusInit
    app.o(.text) refers to msg.o(.text) for MessageAlloc
    app.o(.text) refers to bsp.o(.text) for BSP_Init
    app.o(.text) refers to task.o(.text) for VOS_CreateTask
    app.o(.text) refers to os_task.o(.text) for OSTaskNameSet
    app.o(.text) refers to os_time.o(.text) for OSTimeDlyHMSM
    app.o(.text) refers to cpu_a.o(.text) for CPU_IntDis
    app.o(.text) refers to misc.o(.text) for NVIC_SetVectorTable
    app.o(.text) refers to os_core.o(.text) for OSInit
    app.o(.text) refers to app.o(.data) for .data
    app.o(.text) refers to sapp.o(.data) for sappItfType
    app.o(.text) refers to sapp.o(.constdata) for sbRxBuf
    app.o(.text) refers to app.o(.bss) for .bss
    stm32f10x_it.o(.text) refers to os_cpu_a.o(.text) for OS_CPU_SR_Save
    stm32f10x_it.o(.text) refers to os_core.o(.text) for OSTimeTick
    stm32f10x_it.o(.text) refers to stm32f10x_usart.o(.text) for USART_GetITStatus
    stm32f10x_it.o(.text) refers to serial.o(.text) for Serial_FillRcvBuf
    stm32f10x_it.o(.text) refers to uartcmd.o(.text) for UartCmdPutData
    stm32f10x_it.o(.text) refers to stm32f10x_tim.o(.text) for TIM_GetITStatus
    stm32f10x_it.o(.text) refers to timer_driver.o(.text) for TIM_event_handler
    stm32f10x_it.o(.text) refers to stm32f10x_exti.o(.text) for EXTI_GetITStatus
    stm32f10x_it.o(.text) refers to gpio.o(.text) for sensor_event_handler
    stm32f10x_it.o(.text) refers to os_core.o(.data) for OSRunning
    stm32f10x_it.o(.text) refers to serial.o(.bss) for Serial
    stm32f10x_it.o(.text) refers to stm32f10x_adc.o(.text) for ADC_GetITStatus
    stm32f10x_it.o(.text) refers to adc.o(.text) for Oversampling_GetConversion
    stm32f10x_it.o(.text) refers to msg.o(.text) for MessageAlloc
    stm32f10x_it.o(.text) refers to printf8.o(i.__0printf$8) for __2printf
    config.o(.text) refers to osal_snv.o(.text) for osal_snv_write
    config.o(.text) refers to os_cpu_a.o(.text) for OS_CPU_SR_Save
    config.o(.text) refers to stm32f10x_flash.o(.text) for FLASH_Unlock
    config.o(.text) refers to iwdg_driver.o(.text) for IWDG_Feed
    config.o(.text) refers to memcpya.o(.text) for __aeabi_memcpy
    config.o(.text) refers to memseta.o(.text) for __aeabi_memclr
    config.o(.text) refers to strcpy.o(.text) for strcpy
    config.o(.text) refers to sapp.o(.text) for SHZNAPP_SerialResp
    config.o(.text) refers to serial.o(.text) for SerialInit
    config.o(.text) refers to rtc_driver.o(.text) for RTC_Set
    config.o(.text) refers to beep.o(.text) for MainBeepWithDuration
    config.o(.text) refers to config.o(.constdata) for .constdata
    config.o(.text) refers to sapp.o(.data) for sappFlags
    config.o(.text) refers to config.o(.data) for .data
    config.o(.text) refers to config.o(.bss) for .bss
    config.o(.text) refers to sapp.o(.constdata) for sbTxBuf
    config.o(.text) refers to rtc_driver.o(.bss) for timer
    relay.o(.text) refers to gpio.o(.text) for stm32_gpio_set_value
    relay.o(.text) refers to memseta.o(.text) for __aeabi_memclr4
    relay.o(.text) refers to sys_time.o(.text) for sys_timeout
    relay.o(.text) refers to relay.o(.constdata) for .constdata
    relay.o(.text) refers to relay.o(.bss) for .bss
    dica.o(.text) refers to stm32f10x_gpio.o(.text) for GPIO_PinRemapConfig
    dica.o(.text) refers to stm32f10x_rcc.o(.text) for RCC_APB1PeriphClockCmd
    dica.o(.text) refers to stm32f10x_pwr.o(.text) for PWR_BackupAccessCmd
    dica.o(.text) refers to gpio.o(.text) for stm32_gpio_cfgpin
    dica.o(.text) refers to dica.o(.constdata) for .constdata
    beep.o(.text) refers to gpio.o(.text) for stm32_gpio_cfgpin
    beep.o(.text) refers to timer.o(.text) for AddTimer
[...]
    TIM_GetCapture2                          0x08006b9b   Thumb Code     4  stm32f10x_tim.o(.text)
    TIM_GetCapture3                          0x08006b9f   Thumb Code     4  stm32f10x_tim.o(.text)
    TIM_GetCapture4                          0x08006ba3   Thumb Code     6  stm32f10x_tim.o(.text)
    TIM_GetCounter                           0x08006ba9   Thumb Code     4  stm32f10x_tim.o(.text)
    TIM_GetPrescaler                         0x08006bad   Thumb Code     4  stm32f10x_tim.o(.text)
    TIM_GetFlagStatus                        0x08006bb1   Thumb Code    14  stm32f10x_tim.o(.text)
    TIM_ClearFlag                            0x08006bbf   Thumb Code     6  stm32f10x_tim.o(.text)
    TIM_GetITStatus                          0x08006bc5   Thumb Code    24  stm32f10x_tim.o(.text)
    TIM_ClearITPendingBit                    0x08006bdd   Thumb Code     6  stm32f10x_tim.o(.text)
    RTC_ITConfig                             0x08006c11   Thumb Code    18  stm32f10x_rtc.o(.text)
    RTC_EnterConfigMode                      0x08006c23   Thumb Code    14  stm32f10x_rtc.o(.text)
    RTC_ExitConfigMode                       0x08006c31   Thumb Code    14  stm32f10x_rtc.o(.text)
    RTC_GetCounter                           0x08006c3f   Thumb Code    18  stm32f10x_rtc.o(.text)
    RTC_SetCounter                           0x08006c51   Thumb Code    26  stm32f10x_rtc.o(.text)
    RTC_SetPrescaler                         0x08006c6b   Thumb Code    28  stm32f10x_rtc.o(.text)
    RTC_SetAlarm                             0x08006c87   Thumb Code    26  stm32f10x_rtc.o(.text)
    RTC_GetDivider                           0x08006ca1   Thumb Code    20  stm32f10x_rtc.o(.text)
    RTC_WaitForLastTask                      0x08006cb5   Thumb Code    12  stm32f10x_rtc.o(.text)
    RTC_WaitForSynchro                       0x08006cc1   Thumb Code    20  stm32f10x_rtc.o(.text)
    RTC_GetFlagStatus                        0x08006cd5   Thumb Code    18  stm32f10x_rtc.o(.text)
    RTC_ClearFlag                            0x08006ce7   Thumb Code    12  stm32f10x_rtc.o(.text)
    RTC_GetITStatus                          0x08006cf3   Thumb Code    28  stm32f10x_rtc.o(.text)
    RTC_ClearITPendingBit                    0x08006d0f   Thumb Code    12  stm32f10x_rtc.o(.text)
    FLASH_SetLatency                         0x08006d21   Thumb Code    14  stm32f10x_flash.o(.text)
    FLASH_HalfCycleAccessCmd                 0x08006d2f   Thumb Code    18  stm32f10x_flash.o(.text)
    FLASH_PrefetchBufferCmd                  0x08006d41   Thumb Code    18  stm32f10x_flash.o(.text)
    FLASH_Unlock                             0x08006d53   Thumb Code    12  stm32f10x_flash.o(.text)
    FLASH_UnlockBank1                        0x08006d5f   Thumb Code    12  stm32f10x_flash.o(.text)
    FLASH_Lock                               0x08006d6b   Thumb Code    12  stm32f10x_flash.o(.text)
    FLASH_LockBank1                          0x08006d77   Thumb Code    12  stm32f10x_flash.o(.text)
    FLASH_GetBank1Status                     0x08006d83   Thumb Code    34  stm32f10x_flash.o(.text)
    FLASH_WaitForLastOperation               0x08006da5   Thumb Code    34  stm32f10x_flash.o(.text)
    FLASH_ErasePage                          0x08006dc7   Thumb Code    60  stm32f10x_flash.o(.text)
    FLASH_EraseAllPages                      0x08006e03   Thumb Code    56  stm32f10x_flash.o(.text)
    FLASH_WaitForLastBank1Operation          0x08006e3b   Thumb Code    34  stm32f10x_flash.o(.text)
    FLASH_EraseAllBank1Pages                 0x08006e5d   Thumb Code    56  stm32f10x_flash.o(.text)
    FLASH_GetReadOutProtectionStatus         0x08006e95   Thumb Code    14  stm32f10x_flash.o(.text)
    FLASH_EraseOptionBytes                   0x08006ea3   Thumb Code   108  stm32f10x_flash.o(.text)
    FLASH_ProgramWord                        0x08006f0f   Thumb Code    76  stm32f10x_flash.o(.text)
    FLASH_ProgramHalfWord                    0x08006f5b   Thumb Code    52  stm32f10x_flash.o(.text)
    FLASH_ProgramOptionByteData              0x08006f8f   Thumb Code    62  stm32f10x_flash.o(.text)
    FLASH_EnableWriteProtection              0x08006fcd   Thumb Code   158  stm32f10x_flash.o(.text)
    FLASH_ReadOutProtection                  0x0800706b   Thumb Code   118  stm32f10x_flash.o(.text)
    FLASH_UserOptionByteConfig               0x080070e1   Thumb Code    96  stm32f10x_flash.o(.text)
    FLASH_GetUserOptionByte                  0x08007141   Thumb Code     8  stm32f10x_flash.o(.text)
    FLASH_GetWriteProtectionOptionByte       0x08007149   Thumb Code     6  stm32f10x_flash.o(.text)
    FLASH_GetPrefetchBufferStatus            0x0800714f   Thumb Code    14  stm32f10x_flash.o(.text)
    FLASH_ITConfig                           0x0800715d   Thumb Code    18  stm32f10x_flash.o(.text)
    FLASH_GetFlagStatus                      0x0800716f   Thumb Code    28  stm32f10x_flash.o(.text)
    FLASH_ClearFlag                          0x0800718b   Thumb Code     6  stm32f10x_flash.o(.text)
    FLASH_GetStatus                          0x08007191   Thumb Code    34  stm32f10x_flash.o(.text)
    ADC_DeInit                               0x080071b9   Thumb Code    56  stm32f10x_adc.o(.text)
    ADC_Init                                 0x080071f1   Thumb Code    62  stm32f10x_adc.o(.text)
    ADC_StructInit                           0x0800722f   Thumb Code    18  stm32f10x_adc.o(.text)
    ADC_Cmd                                  0x08007241   Thumb Code    20  stm32f10x_adc.o(.text)
    ADC_DMACmd                               0x08007255   Thumb Code    20  stm32f10x_adc.o(.text)
    ADC_ITConfig                             0x08007269   Thumb Code    18  stm32f10x_adc.o(.text)
    ADC_ResetCalibration                     0x0800727b   Thumb Code    10  stm32f10x_adc.o(.text)
    ADC_GetResetCalibrationStatus            0x08007285   Thumb Code    14  stm32f10x_adc.o(.text)
    ADC_StartCalibration                     0x08007293   Thumb Code    10  stm32f10x_adc.o(.text)
    ADC_GetCalibrationStatus                 0x0800729d   Thumb Code    14  stm32f10x_adc.o(.text)
    ADC_SoftwareStartConvCmd                 0x080072ab   Thumb Code    20  stm32f10x_adc.o(.text)
    ADC_GetSoftwareStartConvStatus           0x080072bf   Thumb Code    14  stm32f10x_adc.o(.text)
    ADC_DiscModeChannelCountConfig           0x080072cd   Thumb Code    16  stm32f10x_adc.o(.text)
    ADC_DiscModeCmd                          0x080072dd   Thumb Code    20  stm32f10x_adc.o(.text)
    ADC_RegularChannelConfig                 0x080072f1   Thumb Code   116  stm32f10x_adc.o(.text)
    ADC_ExternalTrigConvCmd                  0x08007365   Thumb Code    20  stm32f10x_adc.o(.text)
    ADC_GetConversionValue                   0x08007379   Thumb Code     6  stm32f10x_adc.o(.text)
    ADC_GetDualModeConversionValue           0x0800737f   Thumb Code     8  stm32f10x_adc.o(.text)
    ADC_AutoInjectedConvCmd                  0x08007387   Thumb Code    20  stm32f10x_adc.o(.text)
    ADC_InjectedDiscModeCmd                  0x0800739b   Thumb Code    20  stm32f10x_adc.o(.text)
    ADC_ExternalTrigInjectedConvConfig       0x080073af   Thumb Code    12  stm32f10x_adc.o(.text)
    ADC_ExternalTrigInjectedConvCmd          0x080073bb   Thumb Code    20  stm32f10x_adc.o(.text)
    ADC_SoftwareStartInjectedConvCmd         0x080073cf   Thumb Code    20  stm32f10x_adc.o(.text)
    ADC_GetSoftwareStartInjectedConvCmdStatus 0x080073e3   Thumb Code    14  stm32f10x_adc.o(.text)
    ADC_InjectedChannelConfig                0x080073f1   Thumb Code    74  stm32f10x_adc.o(.text)
    ADC_InjectedSequencerLengthConfig        0x0800743b   Thumb Code    16  stm32f10x_adc.o(.text)
    ADC_SetInjectedOffset                    0x0800744b   Thumb Code    10  stm32f10x_adc.o(.text)
    ADC_GetInjectedConversionValue           0x08007455   Thumb Code    14  stm32f10x_adc.o(.text)
    ADC_AnalogWatchdogCmd                    0x08007463   Thumb Code    12  stm32f10x_adc.o(.text)
    ADC_AnalogWatchdogThresholdsConfig       0x0800746f   Thumb Code     6  stm32f10x_adc.o(.text)
    ADC_AnalogWatchdogSingleChannelConfig    0x08007475   Thumb Code    12  stm32f10x_adc.o(.text)
    ADC_TempSensorVrefintCmd                 0x08007481   Thumb Code    24  stm32f10x_adc.o(.text)
    ADC_GetFlagStatus                        0x08007499   Thumb Code    14  stm32f10x_adc.o(.text)
    ADC_ClearFlag                            0x080074a7   Thumb Code     6  stm32f10x_adc.o(.text)
    ADC_GetITStatus                          0x080074ad   Thumb Code    28  stm32f10x_adc.o(.text)
    ADC_ClearITPendingBit                    0x080074c9   Thumb Code     8  stm32f10x_adc.o(.text)
    DMA_DeInit                               0x080074e9   Thumb Code   216  stm32f10x_dma.o(.text)
    DMA_Init                                 0x080075c1   Thumb Code    58  stm32f10x_dma.o(.text)
    DMA_StructInit                           0x080075fb   Thumb Code    26  stm32f10x_dma.o(.text)
    DMA_Cmd                                  0x08007615   Thumb Code    20  stm32f10x_dma.o(.text)
    DMA_ITConfig                             0x08007629   Thumb Code    16  stm32f10x_dma.o(.text)
    DMA_GetCurrDataCounter                   0x08007639   Thumb Code     6  stm32f10x_dma.o(.text)
    DMA_GetFlagStatus                        0x0800763f   Thumb Code    28  stm32f10x_dma.o(.text)
    DMA_ClearFlag                            0x0800765b   Thumb Code    20  stm32f10x_dma.o(.text)
    DMA_GetITStatus                          0x0800766f   Thumb Code    28  stm32f10x_dma.o(.text)
    DMA_ClearITPendingBit                    0x0800768b   Thumb Code    20  stm32f10x_dma.o(.text)
    IWDG_WriteAccessCmd                      0x080076a9   Thumb Code     6  stm32f10x_iwdg.o(.text)
    IWDG_SetPrescaler                        0x080076af   Thumb Code     6  stm32f10x_iwdg.o(.text)
    IWDG_SetReload                           0x080076b5   Thumb Code     6  stm32f10x_iwdg.o(.text)
    IWDG_ReloadCounter                       0x080076bb   Thumb Code    10  stm32f10x_iwdg.o(.text)
    IWDG_Enable                              0x080076c5   Thumb Code    10  stm32f10x_iwdg.o(.text)
    IWDG_GetFlagStatus                       0x080076cf   Thumb Code    16  stm32f10x_iwdg.o(.text)
    USART_DeInit                             0x080076e5   Thumb Code    96  stm32f10x_usart.o(.text)
    USART_Init                               0x08007745   Thumb Code   176  stm32f10x_usart.o(.text)
    USART_StructInit                         0x080077f5   Thumb Code    22  stm32f10x_usart.o(.text)
    USART_ClockInit                          0x0800780b   Thumb Code    30  stm32f10x_usart.o(.text)
    USART_ClockStructInit                    0x08007829   Thumb Code    12  stm32f10x_usart.o(.text)
    USART_Cmd                                0x08007835   Thumb Code    20  stm32f10x_usart.o(.text)
    USART_ITConfig                           0x08007849   Thumb Code    48  stm32f10x_usart.o(.text)
    USART_DMACmd                             0x08007879   Thumb Code    16  stm32f10x_usart.o(.text)
    USART_SetAddress                         0x08007889   Thumb Code    16  stm32f10x_usart.o(.text)
    USART_WakeUpConfig                       0x08007899   Thumb Code    16  stm32f10x_usart.o(.text)
    USART_ReceiverWakeUpCmd                  0x080078a9   Thumb Code    20  stm32f10x_usart.o(.text)
    USART_LINBreakDetectLengthConfig         0x080078bd   Thumb Code    16  stm32f10x_usart.o(.text)
    USART_LINCmd                             0x080078cd   Thumb Code    20  stm32f10x_usart.o(.text)
    USART_SendData                           0x080078e1   Thumb Code     8  stm32f10x_usart.o(.text)
    USART_ReceiveData                        0x080078e9   Thumb Code     8  stm32f10x_usart.o(.text)
    USART_SendBreak                          0x080078f1   Thumb Code    10  stm32f10x_usart.o(.text)
    USART_SetGuardTime                       0x080078fb   Thumb Code    16  stm32f10x_usart.o(.text)
    USART_SetPrescaler                       0x0800790b   Thumb Code    16  stm32f10x_usart.o(.text)
    USART_SmartCardCmd                       0x0800791b   Thumb Code    20  stm32f10x_usart.o(.text)
    USART_SmartCardNACKCmd                   0x0800792f   Thumb Code    20  stm32f10x_usart.o(.text)
    USART_HalfDuplexCmd                      0x08007943   Thumb Code    20  stm32f10x_usart.o(.text)
    USART_OverSampling8Cmd                   0x08007957   Thumb Code    20  stm32f10x_usart.o(.text)
    USART_OneBitMethodCmd                    0x0800796b   Thumb Code    20  stm32f10x_usart.o(.text)
    USART_IrDAConfig                         0x0800797f   Thumb Code    16  stm32f10x_usart.o(.text)
    USART_IrDACmd                            0x0800798f   Thumb Code    20  stm32f10x_usart.o(.text)
    USART_GetFlagStatus                      0x080079a3   Thumb Code    14  stm32f10x_usart.o(.text)
    USART_ClearFlag                          0x080079b1   Thumb Code     6  stm32f10x_usart.o(.text)
    USART_GetITStatus                        0x080079b7   Thumb Code    62  stm32f10x_usart.o(.text)
    USART_ClearITPendingBit                  0x080079f5   Thumb Code    12  stm32f10x_usart.o(.text)
    NVIC_PriorityGroupConfig                 0x08007a15   Thumb Code    10  misc.o(.text)
    NVIC_Init                                0x08007a1f   Thumb Code    90  misc.o(.text)
    NVIC_SetVectorTable                      0x08007a79   Thumb Code    14  misc.o(.text)
    NVIC_SystemLPConfig                      0x08007a87   Thumb Code    20  misc.o(.text)
    SysTick_CLKSourceConfig                  0x08007a9b   Thumb Code    24  misc.o(.text)
    Reset_Handler                            0x08007ac5   Thumb Code     8  startup_stm32f10x_hd.o(.text)
    ADC3_IRQHandler                          0x08007adf   Thumb Code     0  startup_stm32f10x_hd.o(.text)
    DMA1_Channel2_IRQHandler                 0x08007adf   Thumb Code     0  startup_stm32f10x_hd.o(.text)
    DMA1_Channel3_IRQHandler                 0x08007adf   Thumb Code     0  startup_stm32f10x_hd.o(.text)
    DMA1_Channel4_IRQHandler                 0x08007adf   Thumb Code     0  startup_stm32f10x_hd.o(.text)
    DMA1_Channel5_IRQHandler                 0x08007adf   Thumb Code     0  startup_stm32f10x_hd.o(.text)
    DMA1_Channel6_IRQHandler                 0x08007adf   Thumb Code     0  startup_stm32f10x_hd.o(.text)
    DMA1_Channel7_IRQHandler                 0x08007adf   Thumb Code     0  startup_stm32f10x_hd.o(.text)
    DMA2_Channel1_IRQHandler                 0x08007adf   Thumb Code     0  startup_stm32f10x_hd.o(.text)
    DMA2_Channel2_IRQHandler                 0x08007adf   Thumb Code     0  startup_stm32f10x_hd.o(.text)
    DMA2_Channel3_IRQHandler                 0x08007adf   Thumb Code     0  startup_stm32f10x_hd.o(.text)
    DMA2_Channel4_5_IRQHandler               0x08007adf   Thumb Code     0  startup_stm32f10x_hd.o(.text)
    FLASH_IRQHandler                         0x08007adf   Thumb Code     0  startup_stm32f10x_hd.o(.text)
    FSMC_IRQHandler                          0x08007adf   Thumb Code     0  startup_stm32f10x_hd.o(.text)
    I2C1_ER_IRQHandler                       0x08007adf   Thumb Code     0  startup_stm32f10x_hd.o(.text)
    I2C1_EV_IRQHandler                       0x08007adf   Thumb Code     0  startup_stm32f10x_hd.o(.text)
    I2C2_ER_IRQHandler                       0x08007adf   Thumb Code     0  startup_stm32f10x_hd.o(.text)
    I2C2_EV_IRQHandler                       0x08007adf   Thumb Code     0  startup_stm32f10x_hd.o(.text)
    PVD_IRQHandler                           0x08007adf   Thumb Code     0  startup_stm32f10x_hd.o(.text)
    RCC_IRQHandler                           0x08007adf   Thumb Code     0  startup_stm32f10x_hd.o(.text)
    RTCAlarm_IRQHandler                      0x08007adf   Thumb Code     0  startup_stm32f10x_hd.o(.text)
    RTC_IRQHandler                           0x08007adf   Thumb Code     0  startup_stm32f10x_hd.o(.text)
    SDIO_IRQHandler                          0x08007adf   Thumb Code     0  startup_stm32f10x_hd.o(.text)
    SPI3_IRQHandler                          0x08007adf   Thumb Code     0  startup_stm32f10x_hd.o(.text)
    TAMPER_IRQHandler                        0x08007adf   Thumb Code     0  startup_stm32f10x_hd.o(.text)
    TIM1_BRK_IRQHandler                      0x08007adf   Thumb Code     0  startup_stm32f10x_hd.o(.text)
    TIM1_TRG_COM_IRQHandler                  0x08007adf   Thumb Code     0  startup_stm32f10x_hd.o(.text)
    TIM1_UP_IRQHandler                       0x08007adf   Thumb Code     0  startup_stm32f10x_hd.o(.text)
    TIM5_IRQHandler                          0x08007adf   Thumb Code     0  startup_stm32f10x_hd.o(.text)
    TIM6_IRQHandler                          0x08007adf   Thumb Code     0  startup_stm32f10x_hd.o(.text)
    TIM7_IRQHandler                          0x08007adf   Thumb Code     0  startup_stm32f10x_hd.o(.text)
    TIM8_BRK_IRQHandler                      0x08007adf   Thumb Code     0  startup_stm32f10x_hd.o(.text)
    TIM8_CC_IRQHandler                       0x08007adf   Thumb Code     0  startup_stm32f10x_hd.o(.text)
    TIM8_TRG_COM_IRQHandler                  0x08007adf   Thumb Code     0  startup_stm32f10x_hd.o(.text)
    TIM8_UP_IRQHandler                       0x08007adf   Thumb Code     0  startup_stm32f10x_hd.o(.text)
    UART4_IRQHandler                         0x08007adf   Thumb Code     0  startup_stm32f10x_hd.o(.text)
    UART5_IRQHandler                         0x08007adf   Thumb Code     0  startup_stm32f10x_hd.o(.text)
    USBWakeUp_IRQHandler                     0x08007adf   Thumb Code     0  startup_stm32f10x_hd.o(.text)
    WWDG_IRQHandler                          0x08007adf   Thumb Code     0  startup_stm32f10x_hd.o(.text)
    SystemInit                               0x08007b91   Thumb Code    50  system_stm32f10x.o(.text)
    SystemCoreClockUpdate                    0x08007bc3   Thumb Code    86  system_stm32f10x.o(.text)
    InitTimer                                0x08007c35   Thumb Code    18  timer.o(.text)
    FreeTimerSlot                            0x08007c47   Thumb Code    10  timer.o(.text)
    RmvTimer                                 0x08007c51   Thumb Code    26  timer.o(.text)
    CheckTimer                               0x08007c6b   Thumb Code    20  timer.o(.text)
    ModTimer                                 0x08007c7f   Thumb Code    60  timer.o(.text)
    AddTimer                                 0x08007cbb   Thumb Code    98  timer.o(.text)
    TimerProc                                0x08007d1d   Thumb Code   102  timer.o(.text)
    MessageQueueFull                         0x08007d8d   Thumb Code    32  msg.o(.text)
    MessageQueueEmpty                        0x08007dad   Thumb Code    16  msg.o(.text)
    MessageQueueInit                         0x08007dbd   Thumb Code    42  msg.o(.text)
    createMessageQueue                       0x08007de7   Thumb Code    74  msg.o(.text)
    queueMessage                             0x08007e31   Thumb Code    70  msg.o(.text)
    waitMessage                              0x08007e77   Thumb Code    72  msg.o(.text)
    MessageQueueDestroy                      0x08007ebf   Thumb Code    52  msg.o(.text)
    MessageAlloc                             0x08007ef3   Thumb Code    36  msg.o(.text)
    MessageFree                              0x08007f17   Thumb Code    10  msg.o(.text)
    MessageSend                              0x08007f21   Thumb Code    40  msg.o(.text)
    VOS_TaskInit                             0x08007f51   Thumb Code    14  task.o(.text)
    VOS_TaskEntry                            0x08007f5f   Thumb Code    24  task.o(.text)
    VOS_CreateTask                           0x08007f77   Thumb Code   152  task.o(.text)
    VOS_DestroyTask                          0x0800800f   Thumb Code    40  task.o(.text)
    VOS_GetTaskByPid                         0x08008037   Thumb Code    20  task.o(.text)
    VOS_GetTaskQueueByPid                    0x0800804b   Thumb Code    24  task.o(.text)
    VOS_logger                               0x0800806d   Thumb Code    46  voslog.o(.text)
    VOS_SetLogLevel                          0x0800809b   Thumb Code    10  voslog.o(.text)
    keyboard_get_keystate                    0x080080d5   Thumb Code    30  keyboard.o(.text)
    keyboard_get_linestate                   0x080080f3   Thumb Code     6  keyboard.o(.text)
    KeyboardInit                             0x080080f9   Thumb Code    18  keyboard.o(.text)
    keyboard_report                          0x0800810b   Thumb Code    34  keyboard.o(.text)
    keyboard_to                              0x0800812d   Thumb Code    56  keyboard.o(.text)
    keyboard_sh                              0x08008165   Thumb Code    74  keyboard.o(.text)
    RegisterKey                              0x080081af   Thumb Code   156  keyboard.o(.text)
    UnregisterKey                            0x0800824b   Thumb Code    94  keyboard.o(.text)
    stm32_gpio_cfgpin                        0x08008391   Thumb Code    34  gpio.o(.text)
    stm32_gpio_getcfg                        0x080083b3   Thumb Code    28  gpio.o(.text)
    stm32_gpio_get_value                     0x080083cf   Thumb Code    26  gpio.o(.text)
    stm32_gpio_set_value                     0x080083e9   Thumb Code    30  gpio.o(.text)
    stm32_gpio_toggle_value                  0x08008407   Thumb Code    26  gpio.o(.text)
    stm32_gpio_cfg_irq                       0x08008421   Thumb Code   130  gpio.o(.text)
    stm32_gpio_disable_irq                   0x080084a3   Thumb Code    34  gpio.o(.text)
    stm32_gpio_enable_irq                    0x080084c5   Thumb Code    60  gpio.o(.text)
    stm32_gpio_get_ext_state                 0x08008501   Thumb Code    26  gpio.o(.text)
    stm32_gpio_get_ext_line                  0x0800851b   Thumb Code    14  gpio.o(.text)
    CheckSensor                              0x08008529   Thumb Code    20  gpio.o(.text)
    InstallSensorHandler                     0x0800853d   Thumb Code   118  gpio.o(.text)
    UninstallSensorHandler                   0x080085b3   Thumb Code    48  gpio.o(.text)
    UninstallSingleSensorHandler             0x080085e3   Thumb Code    68  gpio.o(.text)
    sensor_event_handler                     0x08008627   Thumb Code   106  gpio.o(.text)
    stm32_gpio_init                          0x08008691   Thumb Code    26  gpio.o(.text)
    Att_value_split_list                     0x080086c9   Thumb Code    64  help.o(.text)
    Att_value_split                          0x08008709   Thumb Code    34  help.o(.text)
    Att_value_count                          0x0800872b   Thumb Code    30  help.o(.text)
    Att_value_replace                        0x08008749   Thumb Code    34  help.o(.text)
    att_helper_trim                          0x0800876b   Thumb Code    68  help.o(.text)
    Att_value_parse                          0x080087af   Thumb Code    44  help.o(.text)
    Att_latof                                0x080087db   Thumb Code   290  help.o(.text)
    Att_latoi                                0x080088fd   Thumb Code    80  help.o(.text)
    Att_latodate                             0x0800894d   Thumb Code   242  help.o(.text)
    SysTick_Configuration                    0x08008a55   Thumb Code    80  bsp.o(.text)
    BSP_Init                                 0x08008aa5   Thumb Code    48  bsp.o(.text)
    BSP_IntDisAll                            0x08008ad5   Thumb Code     2  bsp.o(.text)
    SysTick_DelayUs                          0x08008ad7   Thumb Code    62  bsp.o(.text)
    SysTick_DelayMs                          0x08008b15   Thumb Code    44  bsp.o(.text)
    IWDG_Init                                0x08008b6d   Thumb Code    50  iwdg_driver.o(.text)
    IWDG_Feed                                0x08008b9f   Thumb Code     4  iwdg_driver.o(.text)
    IWDG_Stop                                0x08008ba3   Thumb Code     6  iwdg_driver.o(.text)
    IWDG_Start                               0x08008ba9   Thumb Code    20  iwdg_driver.o(.text)
    RTC_InitBackupRegister                   0x08008bbd   Thumb Code    26  rtc_driver.o(.text)
    RTC_ReadBackup                           0x08008bd7   Thumb Code    70  rtc_driver.o(.text)
    RTC_WriteBackup                          0x08008c1d   Thumb Code    90  rtc_driver.o(.text)
    Is_Leap_Year                             0x08008c77   Thumb Code    38  rtc_driver.o(.text)
    RTC_Set                                  0x08008c9d   Thumb Code   190  rtc_driver.o(.text)
    RTC_Config                               0x08008d5b   Thumb Code   224  rtc_driver.o(.text)
    RTC_Calc_Second                          0x08008e3b   Thumb Code   160  rtc_driver.o(.text)
    RTC_Get_Week                             0x08008edb   Thumb Code    78  rtc_driver.o(.text)
    RTC_Get_Helper                           0x08008f29   Thumb Code   234  rtc_driver.o(.text)
    RTC_Get                                  0x08009013   Thumb Code    16  rtc_driver.o(.text)
    RTC_Get_Second                           0x08009023   Thumb Code     4  rtc_driver.o(.text)
    RTC_Calibrate                            0x08009027   Thumb Code     4  rtc_driver.o(.text)
    TIM_Init_CMP                             0x08009031   Thumb Code   232  timer_driver.o(.text)
    TIM_Init_PWM                             0x08009119   Thumb Code   528  timer_driver.o(.text)
    TIM_PwmStart                             0x08009329   Thumb Code    26  timer_driver.o(.text)
    TIM_PwmStop                              0x08009343   Thumb Code    32  timer_driver.o(.text)
    TIM_Init_General                         0x08009363   Thumb Code   246  timer_driver.o(.text)
    TIM_Init_ETR                             0x08009459   Thumb Code   386  timer_driver.o(.text)
    TIM_SwitchOuputMode                      0x080095db   Thumb Code    36  timer_driver.o(.text)
    TIM_InstallHandler                       0x080095ff   Thumb Code    50  timer_driver.o(.text)
    TIM_UninstallHandler                     0x08009631   Thumb Code    38  timer_driver.o(.text)
    TIM_event_handler                        0x08009657   Thumb Code    30  timer_driver.o(.text)
    sys_arch_timeouts                        0x08009691   Thumb Code     4  sys_time.o(.text)
    __sys_untimeout                          0x08009695   Thumb Code    50  sys_time.o(.text)
    sys_untimeout                            0x080096c7   Thumb Code    30  sys_time.o(.text)
    __sys_timeout                            0x080096e5   Thumb Code    66  sys_time.o(.text)
    sys_timeout                              0x08009727   Thumb Code    58  sys_time.o(.text)
    sys_time_match                           0x08009761   Thumb Code    24  sys_time.o(.text)
    sys_time_ticking                         0x08009779   Thumb Code    28  sys_time.o(.text)
    sys_time_proc                            0x08009795   Thumb Code    68  sys_time.o(.text)
    sys_inittime                             0x080097d9   Thumb Code     8  sys_time.o(.text)
    STM_EVAL_COMInit                         0x080097e5   Thumb Code   154  serial_driver.o(.text)
    FLASH_PagesMask                          0x08009885   Thumb Code    20  common.o(.text)
    HAL_SYSTEM_RESET                         0x08009899   Thumb Code    20  common.o(.text)
    FLASH_DisableWriteProtectionPages        0x080098ad   Thumb Code   108  common.o(.text)
    FLASH_Prepare                            0x08009919   Thumb Code    36  common.o(.text)
    checkRC                                  0x0800993d   Thumb Code    22  common.o(.text)
    GetDeviceElecId                          0x08009953   Thumb Code    24  common.o(.text)
    CmpDeviceElecId                          0x0800996b   Thumb Code    36  common.o(.text)
    HashDeviceElecId                         0x0800998f   Thumb Code    24  common.o(.text)
    Flash_IsProtected                        0x080099a7   Thumb Code    12  common.o(.text)
    osal_snv_reset                           0x08009c2b   Thumb Code    40  osal_snv.o(.text)
    osal_snv_init                            0x08009c53   Thumb Code    20  osal_snv.o(.text)
    osal_snv_write                           0x08009c67   Thumb Code   220  osal_snv.o(.text)
    osal_snv_read                            0x08009d43   Thumb Code    40  osal_snv.o(.text)
    osal_snv_compact                         0x08009d6b   Thumb Code    46  osal_snv.o(.text)
    DMA_ADC_ConfigurationExt                 0x08009e35   Thumb Code   226  adc_driver.o(.text)
    DMA_ADC_Configuration                    0x08009f17   Thumb Code    14  adc_driver.o(.text)
    mAD7799_Init                             0x08009f2d   Thumb Code    18  ad7799_multi_driver.o(.text)
    mAD7799_Write_Bytes_Helper               0x08009f3f   Thumb Code    34  ad7799_multi_driver.o(.text)
    mAD7799_Read_Bytes_Helper                0x08009f61   Thumb Code    30  ad7799_multi_driver.o(.text)
    mAD7799_Write_Bytes                      0x08009f7f   Thumb Code    40  ad7799_multi_driver.o(.text)
    mAD7799_Read_Bytes                       0x08009fa7   Thumb Code    40  ad7799_multi_driver.o(.text)
    mAD7799_ReadRegEx                        0x08009fcf   Thumb Code    66  ad7799_multi_driver.o(.text)
    mAD7799_ReadReg                          0x0800a011   Thumb Code    16  ad7799_multi_driver.o(.text)
    mAD7799_WriteRegEx                       0x0800a021   Thumb Code    52  ad7799_multi_driver.o(.text)
    mAD7799_WriteReg                         0x0800a055   Thumb Code    16  ad7799_multi_driver.o(.text)
    mAD7799_WaitBusy                         0x0800a065   Thumb Code    64  ad7799_multi_driver.o(.text)
    mAD7799_Cs                               0x0800a0a5   Thumb Code    14  ad7799_multi_driver.o(.text)
    mAD7799_GetBusyState                     0x0800a0b3   Thumb Code     8  ad7799_multi_driver.o(.text)
    mAD7799_Calibrate                        0x0800a0bb   Thumb Code    96  ad7799_multi_driver.o(.text)
    mAD7799_Reset                            0x0800a11b   Thumb Code    18  ad7799_multi_driver.o(.text)
    OS_CPU_SR_Save                           0x0800a139   Thumb Code     0  os_cpu_a.o(.text)
    OS_CPU_SR_Restore                        0x0800a141   Thumb Code     0  os_cpu_a.o(.text)
    OSStartHighRdy                           0x0800a147   Thumb Code     0  os_cpu_a.o(.text)
    OSCtxSw                                  0x0800a167   Thumb Code     0  os_cpu_a.o(.text)
    OSIntCtxSw                               0x0800a171   Thumb Code     0  os_cpu_a.o(.text)
    PendSV_Handler                           0x0800a17b   Thumb Code     0  os_cpu_a.o(.text)
    CPU_IntDis                               0x0800a1e1   Thumb Code     0  cpu_a.o(.text)
    CPU_IntEn                                0x0800a1e5   Thumb Code     0  cpu_a.o(.text)
    CPU_SR_Save                              0x0800a1e9   Thumb Code     0  cpu_a.o(.text)
    CPU_SR_Restore                           0x0800a1f1   Thumb Code     0  cpu_a.o(.text)
    OS_StrCopy                               0x0800a1f9   Thumb Code    28  os_core.o(.text)
    OSEventNameGet                           0x0800a215   Thumb Code    96  os_core.o(.text)
    OS_StrLen                                0x0800a275   Thumb Code    20  os_core.o(.text)
    OSEventNameSet                           0x0800a289   Thumb Code   106  os_core.o(.text)
    OS_TaskIdle                              0x0800a2f3   Thumb Code    22  os_core.o(.text)
    OS_MemClr                                0x0800a309   Thumb Code    18  os_core.o(.text)
    OSInit                                   0x0800a31b   Thumb Code   240  os_core.o(.text)
    OSIntEnter                               0x0800a40b   Thumb Code    20  os_core.o(.text)
    OSIntExit                                0x0800a441   Thumb Code    76  os_core.o(.text)
    OSSchedLock                              0x0800a48d   Thumb Code    38  os_core.o(.text)
    OS_Sched                                 0x0800a4b3   Thumb Code    58  os_core.o(.text)
    OSSchedUnlock                            0x0800a4ed   Thumb Code    52  os_core.o(.text)
    OSStart                                  0x0800a521   Thumb Code    38  os_core.o(.text)
    OSTimeTick                               0x0800a547   Thumb Code   130  os_core.o(.text)
    OSVersion                                0x0800a5c9   Thumb Code     6  os_core.o(.text)
    OS_Dummy                                 0x0800a5cf   Thumb Code     2  os_core.o(.text)
    OS_EventTaskRdy                          0x0800a5d1   Thumb Code   148  os_core.o(.text)
    OS_EventTaskWait                         0x0800a665   Thumb Code    68  os_core.o(.text)
    OS_EventTOAbort                          0x0800a6a9   Thumb Code    50  os_core.o(.text)
    OS_EventWaitListInit                     0x0800a6db   Thumb Code    22  os_core.o(.text)
    OS_MemCopy                               0x0800a6f1   Thumb Code    20  os_core.o(.text)
    OS_TaskStatStkChk                        0x0800a705   Thumb Code    50  os_core.o(.text)
    OS_TCBInit                               0x0800a737   Thumb Code   210  os_core.o(.text)
    OSMboxAccept                             0x0800a811   Thumb Code    34  os_mbox.o(.text)
    OSMboxCreate                             0x0800a833   Thumb Code    60  os_mbox.o(.text)
    OSMboxDel                                0x0800a86f   Thumb Code   210  os_mbox.o(.text)
    OSMboxPend                               0x0800a941   Thumb Code   196  os_mbox.o(.text)
    OSMboxPendAbort                          0x0800aa05   Thumb Code   118  os_mbox.o(.text)
    OSMboxPost                               0x0800aa7b   Thumb Code    88  os_mbox.o(.text)
    OSMboxPostOpt                            0x0800aad3   Thumb Code   120  os_mbox.o(.text)
    OSMboxQuery                              0x0800ab4b   Thumb Code    78  os_mbox.o(.text)
    OSTaskChangePrio                         0x0800aba9   Thumb Code   304  os_task.o(.text)
    OSTaskCreate                             0x0800acd9   Thumb Code   132  os_task.o(.text)
    OS_TaskStkClr                            0x0800ad5d   Thumb Code    22  os_task.o(.text)
    OSTaskCreateExt                          0x0800ad73   Thumb Code   152  os_task.o(.text)
    OSTaskDel                                0x0800ae0b   Thumb Code   292  os_task.o(.text)
    OSTaskDelReq                             0x0800af2f   Thumb Code    88  os_task.o(.text)
    OSTaskNameGet                            0x0800af87   Thumb Code   156  os_task.o(.text)
    OSTaskNameSet                            0x0800b023   Thumb Code   130  os_task.o(.text)
    OSTaskResume                             0x0800b0a5   Thumb Code   128  os_task.o(.text)
    OSTaskStkChk                             0x0800b125   Thumb Code   126  os_task.o(.text)
    OSTaskSuspend                            0x0800b1a3   Thumb Code   146  os_task.o(.text)
    OSTaskQuery                              0x0800b235   Thumb Code    94  os_task.o(.text)
    OSTimeDly                                0x0800b2ad   Thumb Code    74  os_time.o(.text)
    OSTimeDlyHMSM                            0x0800b2f7   Thumb Code   128  os_time.o(.text)
    OSTimeDlyResume                          0x0800b377   Thumb Code   134  os_time.o(.text)
    OSTimeGet                                0x0800b3fd   Thumb Code    18  os_time.o(.text)
    OSTimeSet                                0x0800b40f   Thumb Code    20  os_time.o(.text)
    InitMem                                  0x0800b43d   Thumb Code   150  memory.o(.text)
    AllocMem                                 0x0800b4d3   Thumb Code   100  memory.o(.text)
    FreeMem                                  0x0800b537   Thumb Code    48  memory.o(.text)
    MemCheck                                 0x0800b567   Thumb Code     2  memory.o(.text)
    VOS_CreateSem                            0x0800b575   Thumb Code    24  vos.o(.text)
    VOS_SemP                                 0x0800b58d   Thumb Code    16  vos.o(.text)
    VOS_SemV                                 0x0800b59d   Thumb Code    24  vos.o(.text)
    VOS_DestroySem                           0x0800b5b5   Thumb Code    20  vos.o(.text)
    CopyRight_Init                           0x0800b5c9   Thumb Code    22  copyright.o(.text)
    CopyRight_return_type                    0x0800b5df   Thumb Code    84  copyright.o(.text)
    CopyRight_VersionCheck                   0x0800b633   Thumb Code    14  copyright.o(.text)
    halAssertHandler                         0x0800b649   Thumb Code     2  hal_assert.o(.text)
    halAssertHazardLights                    0x0800b64b   Thumb Code     2  hal_assert.o(.text)
    HalFlashRead                             0x0800b64d   Thumb Code    26  hal_flash.o(.text)
    HalFlashWrite                            0x0800b667   Thumb Code    66  hal_flash.o(.text)
    HalFlashErase                            0x0800b6a9   Thumb Code    38  hal_flash.o(.text)
    hal_SPI2_CS_LOW                          0x0800b6d1   Thumb Code     2  hal_spi_driver.o(.text)
    hal_SPI2_CS_HIGH                         0x0800b6d3   Thumb Code     2  hal_spi_driver.o(.text)
    hal_SPI2_LowLevel_DeInit                 0x0800b6d5   Thumb Code    78  hal_spi_driver.o(.text)
    hal_SPI2_LowLevel_Init                   0x0800b723   Thumb Code    76  hal_spi_driver.o(.text)
    hal_SPI2_DeInit                          0x0800b76f   Thumb Code     2  hal_spi_driver.o(.text)
    hal_SPI2_SendByte                        0x0800b771   Thumb Code    48  hal_spi_driver.o(.text)
    hal_SPI2_ReadByte                        0x0800b7a1   Thumb Code     4  hal_spi_driver.o(.text)
    hal_SPI2_State                           0x0800b7a5   Thumb Code    12  hal_spi_driver.o(.text)
    hal_SPI2_Init                            0x0800b7b1   Thumb Code    90  hal_spi_driver.o(.text)
    hal_SPI2_GetDin                          0x0800b80b   Thumb Code     4  hal_spi_driver.o(.text)
    hal_SPI1_LowLevel_DeInit                 0x0800b80f   Thumb Code    78  hal_spi_driver.o(.text)
    hal_SPI1_LowLevel_Init                   0x0800b85d   Thumb Code    80  hal_spi_driver.o(.text)
    hal_SPI1_DeInit                          0x0800b8ad   Thumb Code     2  hal_spi_driver.o(.text)
    hal_SPI1_SendByte                        0x0800b8af   Thumb Code    48  hal_spi_driver.o(.text)
    hal_SPI1_ReadByte                        0x0800b8e3   Thumb Code     4  hal_spi_driver.o(.text)
    hal_SPI1_State                           0x0800b8e7   Thumb Code    12  hal_spi_driver.o(.text)
    hal_SPI1_Init                            0x0800b8f3   Thumb Code    88  hal_spi_driver.o(.text)
    hal_SPI1_GetDin                          0x0800b94b   Thumb Code     4  hal_spi_driver.o(.text)
    hal_spi_Init                             0x0800b94f   Thumb Code   120  hal_spi_driver.o(.text)
    OSInitHookBegin                          0x0800b9ed   Thumb Code     2  os_cpu_c.o(.text)
    OSInitHookEnd                            0x0800b9ef   Thumb Code     2  os_cpu_c.o(.text)
    OSTaskCreateHook                         0x0800b9f1   Thumb Code     4  os_cpu_c.o(.text)
    OSTaskDelHook                            0x0800b9f5   Thumb Code     4  os_cpu_c.o(.text)
    OSTaskIdleHook                           0x0800b9f9   Thumb Code     4  os_cpu_c.o(.text)
    OSTaskStatHook                           0x0800b9fd   Thumb Code     4  os_cpu_c.o(.text)
    OSTaskStkInit                            0x0800ba01   Thumb Code   114  os_cpu_c.o(.text)
    OSTaskSwHook                             0x0800ba73   Thumb Code     4  os_cpu_c.o(.text)
    OSTCBInitHook                            0x0800ba77   Thumb Code     4  os_cpu_c.o(.text)
    OSTimeTickHook                           0x0800ba7b   Thumb Code     4  os_cpu_c.o(.text)
    OSFlagAccept                             0x0800ba81   Thumb Code   162  os_flag.o(.text)
    OSFlagCreate                             0x0800bb23   Thumb Code    72  os_flag.o(.text)
    OS_FlagUnlink                            0x0800bb6b   Thumb Code    32  os_flag.o(.text)
    OSFlagDel                                0x0800bbd3   Thumb Code   196  os_flag.o(.text)
    OSFlagNameGet                            0x0800bc97   Thumb Code    88  os_flag.o(.text)
    OSFlagNameSet                            0x0800bcef   Thumb Code   100  os_flag.o(.text)
    OSFlagPend                               0x0800bda9   Thumb Code   380  os_flag.o(.text)
    OSFlagPendGetFlagsRdy                    0x0800bf25   Thumb Code    20  os_flag.o(.text)
    OSFlagPost                               0x0800bf39   Thumb Code   188  os_flag.o(.text)
    OSFlagQuery                              0x0800bff5   Thumb Code    46  os_flag.o(.text)
    OS_FlagInit                              0x0800c023   Thumb Code    64  os_flag.o(.text)
    OSSemAccept                              0x0800c071   Thumb Code    36  os_sem.o(.text)
    OSSemCreate                              0x0800c095   Thumb Code    60  os_sem.o(.text)
    OSSemDel                                 0x0800c0d1   Thumb Code   210  os_sem.o(.text)
    OSSemPend                                0x0800c1a3   Thumb Code   168  os_sem.o(.text)
    OSSemPendAbort                           0x0800c24b   Thumb Code   118  os_sem.o(.text)
    OSSemPost                                0x0800c2c1   Thumb Code    88  os_sem.o(.text)
    OSSemQuery                               0x0800c319   Thumb Code    78  os_sem.o(.text)
    OSSemSet                                 0x0800c367   Thumb Code    60  os_sem.o(.text)
    __aeabi_memcpy                           0x0800c3b5   Thumb Code    36  memcpya.o(.text)
    __aeabi_memcpy4                          0x0800c3b5   Thumb Code     0  memcpya.o(.text)
    __aeabi_memcpy8                          0x0800c3b5   Thumb Code     0  memcpya.o(.text)
    __aeabi_memset                           0x0800c3d9   Thumb Code    14  memseta.o(.text)
    __aeabi_memset4                          0x0800c3d9   Thumb Code     0  memseta.o(.text)
    __aeabi_memset8                          0x0800c3d9   Thumb Code     0  memseta.o(.text)
    __aeabi_memclr                           0x0800c3e7   Thumb Code     4  memseta.o(.text)
    __aeabi_memclr4                          0x0800c3e7   Thumb Code     0  memseta.o(.text)
    __aeabi_memclr8                          0x0800c3e7   Thumb Code     0  memseta.o(.text)
    _memset$wrapper                          0x0800c3eb   Thumb Code    18  memseta.o(.text)
    strchr                                   0x0800c3fd   Thumb Code    20  strchr.o(.text)
    strlen                                   0x0800c411   Thumb Code    14  strlen.o(.text)
    strcmp                                   0x0800c41f   Thumb Code    28  strcmp.o(.text)
    memcmp                                   0x0800c43b   Thumb Code    26  memcmp.o(.text)
    strcpy                                   0x0800c455   Thumb Code    18  strcpy.o(.text)
    strncmp                                  0x0800c467   Thumb Code    30  strncmp.o(.text)
    atoi                                     0x0800c485   Thumb Code    26  atoi.o(.text)
    __aeabi_fadd                             0x0800c49f   Thumb Code   164  fadd.o(.text)
    __aeabi_fsub                             0x0800c543   Thumb Code     6  fadd.o(.text)
    __aeabi_frsub                            0x0800c549   Thumb Code     6  fadd.o(.text)
    __aeabi_fmul                             0x0800c54f   Thumb Code   108  fmul.o(.text)
    __aeabi_fdiv                             0x0800c5bb   Thumb Code   128  fdiv.o(.text)
    __aeabi_dadd                             0x0800c63b   Thumb Code   322  dadd.o(.text)
    __aeabi_dsub                             0x0800c77d   Thumb Code     6  dadd.o(.text)
    __aeabi_drsub                            0x0800c783   Thumb Code     6  dadd.o(.text)
    __aeabi_dmul                             0x0800c789   Thumb Code   228  dmul.o(.text)
    __aeabi_ddiv                             0x0800c86d   Thumb Code   222  ddiv.o(.text)
    __aeabi_i2f                              0x0800c94b   Thumb Code    18  fflti.o(.text)
    __aeabi_ui2f                             0x0800c95d   Thumb Code    10  ffltui.o(.text)
    __aeabi_f2uiz                            0x0800c967   Thumb Code    40  ffixui.o(.text)
    __aeabi_d2uiz                            0x0800c98f   Thumb Code    50  dfixui.o(.text)
    __aeabi_f2d                              0x0800c9c1   Thumb Code    38  f2d.o(.text)
    __aeabi_d2f                              0x0800c9e7   Thumb Code    56  d2f.o(.text)
    __aeabi_uidiv                            0x0800ca1f   Thumb Code     0  uidiv.o(.text)
    __aeabi_uidivmod                         0x0800ca1f   Thumb Code    44  uidiv.o(.text)
    __aeabi_uldivmod                         0x0800ca4b   Thumb Code    98  uldiv.o(.text)
    __aeabi_llsl                             0x0800caad   Thumb Code    30  llshl.o(.text)
    _ll_shift_l                              0x0800caad   Thumb Code     0  llshl.o(.text)
    __aeabi_llsr                             0x0800cacb   Thumb Code    32  llushr.o(.text)
    _ll_ushift_r                             0x0800cacb   Thumb Code     0  llushr.o(.text)
    __aeabi_lasr                             0x0800caeb   Thumb Code    36  llsshr.o(.text)
    _ll_sshift_r                             0x0800caeb   Thumb Code     0  llsshr.o(.text)
    strtol                                   0x0800cb0f   Thumb Code   112  strtol.o(.text)
    __I$use$fp                               0x0800cb7f   Thumb Code     0  iusefp.o(.text)
    _float_round                             0x0800cb7f   Thumb Code    18  fepilogue.o(.text)
    _float_epilogue                          0x0800cb91   Thumb Code    90  fepilogue.o(.text)
    _double_round                            0x0800cbeb   Thumb Code    26  depilogue.o(.text)
    _double_epilogue                         0x0800cc05   Thumb Code   164  depilogue.o(.text)
    __aeabi_d2ulz                            0x0800cca9   Thumb Code    48  dfixul.o(.text)
    __aeabi_cdrcmple                         0x0800ccd9   Thumb Code    38  cdrcmple.o(.text)
    __scatterload                            0x0800cd01   Thumb Code    28  init.o(.text)
    __scatterload_rt2                        0x0800cd01   Thumb Code     0  init.o(.text)
    __rt_ctype_table                         0x0800cd25   Thumb Code     4  ctype_o.o(.text)
    _strtoul                                 0x0800cd2d   Thumb Code   158  _strtoul.o(.text)
    _chval                                   0x0800cdcb   Thumb Code    28  _chval.o(.text)
    __decompress                             0x0800cde7   Thumb Code     0  __dczerorl2.o(.text)
    __decompress1                            0x0800cde7   Thumb Code    92  __dczerorl2.o(.text)
    __0printf$8                              0x0800ce45   Thumb Code    22  printf8.o(i.__0printf$8)
    __1printf$8                              0x0800ce45   Thumb Code     0  printf8.o(i.__0printf$8)
    __2printf                                0x0800ce45   Thumb Code     0  printf8.o(i.__0printf$8)
    __0sprintf$8                             0x0800ce65   Thumb Code    34  printf8.o(i.__0sprintf$8)
    __1sprintf$8                             0x0800ce65   Thumb Code     0  printf8.o(i.__0sprintf$8)
    __2sprintf                               0x0800ce65   Thumb Code     0  printf8.o(i.__0sprintf$8)
    __0vprintf                               0x0800ce8d   Thumb Code     8  printfa.o(i.__0vprintf)
    __1vprintf                               0x0800ce8d   Thumb Code     0  printfa.o(i.__0vprintf)
    __2vprintf                               0x0800ce8d   Thumb Code     0  printfa.o(i.__0vprintf)
    __c89vprintf                             0x0800ce8d   Thumb Code     0  printfa.o(i.__0vprintf)
    vprintf                                  0x0800ce8d   Thumb Code     0  printfa.o(i.__0vprintf)
    __0vsprintf                              0x0800ce9d   Thumb Code    30  printfa.o(i.__0vsprintf)
    __1vsprintf                              0x0800ce9d   Thumb Code     0  printfa.o(i.__0vsprintf)
    __2vsprintf                              0x0800ce9d   Thumb Code     0  printfa.o(i.__0vsprintf)
    __c89vsprintf                            0x0800ce9d   Thumb Code     0  printfa.o(i.__0vsprintf)
    vsprintf                                 0x0800ce9d   Thumb Code     0  printfa.o(i.__0vsprintf)
    __aeabi_errno_addr                       0x0800cec1   Thumb Code     4  errno.o(i.__aeabi_errno_addr)
    __rt_errno_addr                          0x0800cec1   Thumb Code     0  errno.o(i.__aeabi_errno_addr)
    __scatterload_copy                       0x0800cec9   Thumb Code    14  handlers.o(i.__scatterload_copy)
    __scatterload_null                       0x0800ced7   Thumb Code     2  handlers.o(i.__scatterload_null)
    __scatterload_zeroinit                   0x0800ced9   Thumb Code    14  handlers.o(i.__scatterload_zeroinit)
    version                                  0x0800dbfc   Data          21  config.o(.constdata)
    relays                                   0x0800dc11   Data           5  relay.o(.constdata)
    relays_on                                0x0800dc16   Data           5  relay.o(.constdata)
    inputs                                   0x0800dc1b   Data           1  dica.o(.constdata)
    Serial_DataBits                          0x0800dc1c   Data           4  serial.o(.constdata)
    Serial_StopBits                          0x0800dc20   Data           6  serial.o(.constdata)
    Serial_Parity                            0x0800dc26   Data           6  serial.o(.constdata)
    sbRxBuf                                  0x0800dc90   Data           4  sapp.o(.constdata)
    sbTxBuf                                  0x0800dc94   Data           4  sapp.o(.constdata)
    STM32F10x_STR                            0x0800dc98   Data          52  printf.o(.constdata)
    BackupRegs                               0x0800dcce   Data           9  rtc_driver.o(.constdata)
    table_week                               0x0800dcd7   Data          12  rtc_driver.o(.constdata)
    mon_table                                0x0800dce3   Data          12  rtc_driver.o(.constdata)
    TIMER_IRQ                                0x0800dcf0   Data           8  timer_driver.o(.constdata)
    TIMER_IRQ_UP                             0x0800dcf8   Data           8  timer_driver.o(.constdata)
    TIMER_CLK                                0x0800dd00   Data          16  timer_driver.o(.constdata)
    COM_TX_PIN                               0x0800dd10   Data           6  serial_driver.o(.constdata)
    COM_RX_PIN                               0x0800dd16   Data           6  serial_driver.o(.constdata)
    COM_USART                                0x0800dd1c   Data          12  serial_driver.o(.constdata)
    COM_TX_PORT                              0x0800dd28   Data          12  serial_driver.o(.constdata)
    COM_RX_PORT                              0x0800dd34   Data          12  serial_driver.o(.constdata)
    COM_USART_CLK                            0x0800dd40   Data          12  serial_driver.o(.constdata)
    COM_TX_PORT_CLK                          0x0800dd4c   Data          12  serial_driver.o(.constdata)
    COM_RX_PORT_CLK                          0x0800dd58   Data          12  serial_driver.o(.constdata)
    OSUnMapTbl                               0x0800dd64   Data         256  os_core.o(.constdata)
    __ctype_table                            0x0800de64   Data         129  ctype_o.o(.constdata)
    Region$$Table$$Base                      0x0800df20   Number         0  anon$$obj.o(Region$$Table)
    Region$$Table$$Limit                     0x0800df40   Number         0  anon$$obj.o(Region$$Table)
    ulAppTime                                0x20000000   Data           4  app.o(.data)
    ulAppTicks                               0x20000004   Data           4  app.o(.data)
    ulAppSecond                              0x20000008   Data           4  app.o(.data)
    gusDeviceId                              0x2000000c   Data           2  config.o(.data)
    CanAddress                               0x2000000e   Data           2  config.o(.data)
    aDevType                                 0x20000010   Data           8  config.o(.data)
    gSerialTester                            0x20000018   Data           2  serial.o(.data)
    sappItfType                              0x20000021   Data           1  sapp.o(.data)
    sappItfPort                              0x20000022   Data           1  sapp.o(.data)
    sappTgtType                              0x20000023   Data           1  sapp.o(.data)
    sbFcs                                    0x20000024   Data           1  sapp.o(.data)
    sbIdx                                    0x20000025   Data           1  sapp.o(.data)
    sbLen                                    0x20000026   Data           1  sapp.o(.data)
    sappFlags                                0x20000028   Data           1  sapp.o(.data)
    RD_mode                                  0x20000030   Data           1  modbus.o(.data)
    work_mode                                0x20000031   Data           1  modbus.o(.data)
    ent_flg                                  0x20000032   Data           1  modbus.o(.data)
    Asc_EN                                   0x20000033   Data           1  modbus.o(.data)
    Uart1flg                                 0x20000034   Data           1  modbus.o(.data)
    IAP_CONTR                                0x20000035   Data           1  modbus.o(.data)
    ES                                       0x20000036   Data           1  modbus.o(.data)
    ch1_Range_flg                            0x20000037   Data           1  modbus.o(.data)
    ch2_Range_flg                            0x20000038   Data           1  modbus.o(.data)
    ch3_Range_flg                            0x20000039   Data           1  modbus.o(.data)
    ch4_Range_flg                            0x2000003a   Data           1  modbus.o(.data)
    ch5_Range_flg                            0x2000003b   Data           1  modbus.o(.data)
    debug_range_flg                          0x2000003c   Data           1  modbus.o(.data)
    us1                                      0x2000003d   Data           1  modbus.o(.data)
    us2                                      0x2000003e   Data           1  modbus.o(.data)
    us3                                      0x2000003f   Data           1  modbus.o(.data)
    us4                                      0x20000040   Data           1  modbus.o(.data)
    us5                                      0x20000041   Data           1  modbus.o(.data)
    CRC_Reg                                  0x20000042   Data           2  modbus.o(.data)
    MCRC_Reg                                 0x20000044   Data           2  modbus.o(.data)
    c1addat                                  0x20000046   Data           2  modbus.o(.data)
    c2addat                                  0x20000048   Data           2  modbus.o(.data)
    c3addat                                  0x2000004a   Data           2  modbus.o(.data)
    c4addat                                  0x2000004c   Data           2  modbus.o(.data)
    c5addat                                  0x2000004e   Data           2  modbus.o(.data)
    t1addat                                  0x20000050   Data           2  modbus.o(.data)
    t2addat                                  0x20000052   Data           2  modbus.o(.data)
    t3addat                                  0x20000054   Data           2  modbus.o(.data)
    t4addat                                  0x20000056   Data           2  modbus.o(.data)
    t5addat                                  0x20000058   Data           2  modbus.o(.data)
    ch1_dbg_data_addr                        0x2000005c   Data           4  modbus.o(.data)
    ch2_dbg_data_addr                        0x20000060   Data           4  modbus.o(.data)
    ch3_dbg_data_addr                        0x20000064   Data           4  modbus.o(.data)
    ch4_dbg_data_addr                        0x20000068   Data           4  modbus.o(.data)
    ch5_dbg_data_addr                        0x2000006c   Data           4  modbus.o(.data)
    ch1_data_addr                            0x20000070   Data           4  modbus.o(.data)
    ch2_data_addr                            0x20000074   Data           4  modbus.o(.data)
    ch3_data_addr                            0x20000078   Data           4  modbus.o(.data)
    ch4_data_addr                            0x2000007c   Data           4  modbus.o(.data)
    ch5_data_addr                            0x20000080   Data           4  modbus.o(.data)
    Kcoef                                    0x20000084   Data           4  modbus.o(.data)
    Kp                                       0x20000088   Data           4  modbus.o(.data)
    RT10k                                    0x2000008c   Data         214  modbus.o(.data)
    SystemCoreClock                          0x20000178   Data           4  system_stm32f10x.o(.data)
    AHBPrescTable                            0x2000017c   Data          16  system_stm32f10x.o(.data)
    TIMER_Def                                0x200002ac   Data          16  timer_driver.o(.data)
    default_timeouts                         0x200002bc   Data           4  sys_time.o(.data)
    BlockNbr                                 0x200002c0   Data           4  common.o(.data)
    UserMemoryMask                           0x200002c4   Data           4  common.o(.data)
    FlashProtection                          0x200002c8   Data           4  common.o(.data)
    OSIntNesting                             0x200002d8   Data           1  os_core.o(.data)
    OSLockNesting                            0x200002d9   Data           1  os_core.o(.data)
    OSPrioCur                                0x200002da   Data           1  os_core.o(.data)
    OSPrioHighRdy                            0x200002db   Data           1  os_core.o(.data)
    OSRdyGrp                                 0x200002dc   Data           1  os_core.o(.data)
    OSRunning                                0x200002dd   Data           1  os_core.o(.data)
    OSTaskCtr                                0x200002de   Data           1  os_core.o(.data)
    OSCtxSwCtr                               0x200002e0   Data           4  os_core.o(.data)
    OSEventFreeList                          0x200002e4   Data           4  os_core.o(.data)
    OSIdleCtr                                0x200002e8   Data           4  os_core.o(.data)
    OSTCBCur                                 0x200002ec   Data           4  os_core.o(.data)
    OSTCBFreeList                            0x200002f0   Data           4  os_core.o(.data)
    OSTCBHighRdy                             0x200002f4   Data           4  os_core.o(.data)
    OSTCBList                                0x200002f8   Data           4  os_core.o(.data)
    OSTime                                   0x200002fc   Data           4  os_core.o(.data)
    OSRdyTbl                                 0x20000300   Data           8  os_core.o(.data)
    OSFlagFreeList                           0x20000308   Data           4  os_core.o(.data)
    memStat                                  0x2000030c   Data           2  memory.o(.data)
    _ctype                                   0x2000030e   Data         256  ctype.o(.data)
    __stdout                                 0x20000410   Data           4  stdout.o(.data)
    Config_buff                              0x20000e18   Data        1024  config.o(.bss)
    gAdmin                                   0x20001218   Data          34  config.o(.bss)
    gCfg                                     0x2000123a   Data          10  config.o(.bss)
    aPulseCtrl                               0x20001244   Data         160  relay.o(.bss)
    Serial                                   0x200012f0   Data        1728  serial.o(.bss)
    UartCmdStru                              0x200019b0   Data         520  uartcmd.o(.bss)
    rpcBuf                                   0x20001bb8   Data         392  sapp.o(.bss)
    ADC_ConvertedValue                       0x20001d40   Data          80  adc.o(.bss)
    ADC_Result                               0x20001d90   Data          20  adc.o(.bss)
    Display                                  0x20001f10   Data          84  display.o(.bss)
    cmd                                      0x20001f64   Data           9  modbus.o(.bss)
    paramarray                               0x20001f6e   Data          90  modbus.o(.bss)
    SendReg                                  0x20001fc8   Data           9  modbus.o(.bss)
    ch1_data                                 0x20001fd1   Data          12  modbus.o(.bss)
    ch2_data                                 0x20001fdd   Data          12  modbus.o(.bss)
    ch3_data                                 0x20001fe9   Data          12  modbus.o(.bss)
    ch4_data                                 0x20001ff5   Data          12  modbus.o(.bss)
    ch5_data                                 0x20002001   Data          12  modbus.o(.bss)
    ch1_dbg_data                             0x2000200d   Data          16  modbus.o(.bss)
    ch2_dbg_data                             0x2000201d   Data          16  modbus.o(.bss)
    ch3_dbg_data                             0x2000202d   Data          16  modbus.o(.bss)
    ch4_dbg_data                             0x2000203d   Data          16  modbus.o(.bss)
    ch5_dbg_data                             0x2000204d   Data          16  modbus.o(.bss)
    TimerArray                               0x20002060   Data         192  timer.o(.bss)
    TimerIndex                               0x20002120   Data          16  timer.o(.bss)
    EXTI_PORT                                0x20002404   Data          64  gpio.o(.bss)
    aSensorHandler                           0x20002444   Data         384  gpio.o(.bss)
    timer                                    0x200025c4   Data          10  rtc_driver.o(.bss)
    aTimerHandler                            0x200025d0   Data          64  timer_driver.o(.bss)
    OSEventTbl                               0x20002610   Data         360  os_core.o(.bss)
    OSTaskIdleStk                            0x20002778   Data         512  os_core.o(.bss)
    OSTCBPrioTbl                             0x20002978   Data         256  os_core.o(.bss)
    OSTCBTbl                                 0x20002a78   Data        1496  os_core.o(.bss)
    OSFlagTbl                                0x20003050   Data         140  os_core.o(.bss)
    memblock                                 0x200030dc   Data        4000  memory.o(.bss)
    memIndex                                 0x2000407c   Data          40  memory.o(.bss)
    memOffset                                0x200040a4   Data          80  memory.o(.bss)
    __initial_sp                             0x20004528   Data           0  startup_stm32f10x_hd.o(STACK)



==============================================================================

Memory Map of the image

  Image Entry point : 0x08000131

  Load Region LR_IROM1 (Base: 0x08000000, Size: 0x0000e358, Max: 0x00020000, ABSOLUTE, COMPRESSED[0x0000e118])

    Execution Region ER_IROM1 (Base: 0x08000000, Size: 0x0000df40, Max: 0x00020000, ABSOLUTE)

    Base Addr    Size         Type   Attr      Idx    E Section Name        Object

    0x08000000   0x00000130   Data   RO          865    RESET               startup_stm32f10x_hd.o
    0x08000130   0x00000000   Code   RO         1668  * .ARM.Collect$$$$00000000  mc_w.l(entry.o)
    0x08000130   0x00000004   Code   RO         1976    .ARM.Collect$$$$00000001  mc_w.l(entry2.o)
    0x08000134   0x00000004   Code   RO         1979    .ARM.Collect$$$$00000004  mc_w.l(entry5.o)
    0x08000138   0x00000000   Code   RO         1981    .ARM.Collect$$$$00000008  mc_w.l(entry7b.o)
    0x08000138   0x00000000   Code   RO         1983    .ARM.Collect$$$$0000000A  mc_w.l(entry8b.o)
    0x08000138   0x00000008   Code   RO         1984    .ARM.Collect$$$$0000000B  mc_w.l(entry9a.o)
    0x08000140   0x00000000   Code   RO         1986    .ARM.Collect$$$$0000000D  mc_w.l(entry10a.o)
    0x08000140   0x00000000   Code   RO         1988    .ARM.Collect$$$$0000000F  mc_w.l(entry11a.o)
    0x08000140   0x00000004   Code   RO         1977    .ARM.Collect$$$$00002712  mc_w.l(entry2.o)
    0x08000144   0x000002b8   Code   RO            1    .text               app.o
    0x080003fc   0x000005f8   Code   RO          228    .text               stm32f10x_it.o
    0x080009f4   0x000003a0   Code   RO          259    .text               config.o
    0x08000d94   0x00000150   Code   RO          296    .text               relay.o
    0x08000ee4   0x00000054   Code   RO          339    .text               dica.o
    0x08000f38   0x000000a6   Code   RO          373    .text               beep.o
    0x08000fde   0x00000002   PAD
    0x08000fe0   0x00000600   Code   RO          386    .text               serial.o
    0x080015e0   0x000001bc   Code   RO          433    .text               uartcmd.o
    0x0800179c   0x000002ec   Code   RO          461    .text               at.o
    0x08001a88   0x000002ec   Code   RO          495    .text               sapp.o
    0x08001d74   0x00000034   Code   RO          522    .text               printf.o
    0x08001da8   0x00000140   Code   RO          537    .text               adc.o
    0x08001ee8   0x000006bc   Code   RO          562    .text               display.o
    0x080025a4   0x0000005a   Code   RO          603    .text               list.o
    0x080025fe   0x00000002   PAD
    0x08002600   0x0000323a   Code   RO          616    .text               modbus.o
    0x0800583a   0x00000002   PAD
    0x0800583c   0x00000098   Code   RO          651    .text               stm32f10x_bkp.o
    0x080058d4   0x000000e8   Code   RO          663    .text               stm32f10x_exti.o
    0x080059bc   0x00000260   Code   RO          675    .text               stm32f10x_gpio.o
    0x08005c1c   0x000000ac   Code   RO          687    .text               stm32f10x_pwr.o
    0x08005cc8   0x000002b8   Code   RO          699    .text               stm32f10x_rcc.o
    0x08005f80   0x00000274   Code   RO          713    .text               stm32f10x_spi.o
    0x080061f4   0x00000a1c   Code   RO          725    .text               stm32f10x_tim.o
    0x08006c10   0x00000110   Code   RO          738    .text               stm32f10x_rtc.o
    0x08006d20   0x00000498   Code   RO          751    .text               stm32f10x_flash.o
    0x080071b8   0x00000330   Code   RO          764    .text               stm32f10x_adc.o
    0x080074e8   0x000001c0   Code   RO          789    .text               stm32f10x_dma.o
    0x080076a8   0x0000003c   Code   RO          813    .text               stm32f10x_iwdg.o
    0x080076e4   0x00000330   Code   RO          828    .text               stm32f10x_usart.o
    0x08007a14   0x000000b0   Code   RO          840    .text               misc.o
    0x08007ac4   0x00000024   Code   RO          866    .text               startup_stm32f10x_hd.o
    0x08007ae8   0x0000014c   Code   RO          870    .text               system_stm32f10x.o
    0x08007c34   0x00000158   Code   RO          901    .text               0862100000STM32F103.lib(timer.o)
    0x08007d8c   0x000001c4   Code   RO          949    .text               0862100000STM32F103.lib(msg.o)
    0x08007f50   0x0000011c   Code   RO          990    .text               0862100000STM32F103.lib(task.o)
    0x0800806c   0x00000068   Code   RO         1008    .text               0862100000STM32F103.lib(voslog.o)
    0x080080d4   0x000001dc   Code   RO         1032    .text               0862100000STM32F103.lib(keyboard.o)
    0x080082b0   0x00000418   Code   RO         1135    .text               0862100000STM32F103.lib(gpio.o)
    0x080086c8   0x0000038c   Code   RO         1160    .text               0862100000STM32F103.lib(help.o)
    0x08008a54   0x00000118   Code   RO         1181    .text               0862100000STM32F103.lib(bsp.o)
    0x08008b6c   0x00000050   Code   RO         1223    .text               0862100000STM32F103.lib(iwdg_driver.o)
    0x08008bbc   0x00000474   Code   RO         1238    .text               0862100000STM32F103.lib(rtc_driver.o)
    0x08009030   0x00000660   Code   RO         1312    .text               0862100000STM32F103.lib(timer_driver.o)
    0x08009690   0x00000154   Code   RO         1332    .text               0862100000STM32F103.lib(sys_time.o)
    0x080097e4   0x000000a0   Code   RO         1348    .text               0862100000STM32F103.lib(serial_driver.o)
    0x08009884   0x00000148   Code   RO         1367    .text               0862100000STM32F103.lib(common.o)
    0x080099cc   0x00000468   Code   RO         1397    .text               0862100000STM32F103.lib(osal_snv.o)
    0x08009e34   0x000000f8   Code   RO         1420    .text               0862100000STM32F103.lib(adc_driver.o)
    0x08009f2c   0x0000020c   Code   RO         1432    .text               0862100000STM32F103.lib(ad7799_multi_driver.o)
    0x0800a138   0x000000a8   Code   RO         1453    .text               0862100000STM32F103.lib(os_cpu_a.o)
    0x0800a1e0   0x00000016   Code   RO         1456    .text               0862100000STM32F103.lib(cpu_a.o)
    0x0800a1f6   0x00000002   PAD
    0x0800a1f8   0x00000618   Code   RO         1459    .text               0862100000STM32F103.lib(os_core.o)
    0x0800a810   0x00000398   Code   RO         1482    .text               0862100000STM32F103.lib(os_mbox.o)
    0x0800aba8   0x00000704   Code   RO         1494    .text               0862100000STM32F103.lib(os_task.o)
    0x0800b2ac   0x00000190   Code   RO         1507    .text               0862100000STM32F103.lib(os_time.o)
    0x0800b43c   0x00000138   Code   RO         1519    .text               0862100000STM32F103.lib(memory.o)
    0x0800b574   0x00000054   Code   RO         1535    .text               0862100000STM32F103.lib(vos.o)
    0x0800b5c8   0x00000080   Code   RO         1566    .text               0862100000STM32F103.lib(copyright.o)
    0x0800b648   0x00000004   Code   RO         1583    .text               0862100000STM32F103.lib(hal_assert.o)
    0x0800b64c   0x00000082   Code   RO         1598    .text               0862100000STM32F103.lib(hal_flash.o)
    0x0800b6ce   0x00000002   PAD
    0x0800b6d0   0x0000031c   Code   RO         1610    .text               0862100000STM32F103.lib(hal_spi_driver.o)
    0x0800b9ec   0x00000092   Code   RO         1624    .text               0862100000STM32F103.lib(os_cpu_c.o)
    0x0800ba7e   0x00000002   PAD
    0x0800ba80   0x000005f0   Code   RO         1643    .text               0862100000STM32F103.lib(os_flag.o)
    0x0800c070   0x00000344   Code   RO         1656    .text               0862100000STM32F103.lib(os_sem.o)
    0x0800c3b4   0x00000024   Code   RO         1671    .text               mc_w.l(memcpya.o)
    0x0800c3d8   0x00000024   Code   RO         1673    .text               mc_w.l(memseta.o)
    0x0800c3fc   0x00000014   Code   RO         1675    .text               mc_w.l(strchr.o)
    0x0800c410   0x0000000e   Code   RO         1677    .text               mc_w.l(strlen.o)
    0x0800c41e   0x0000001c   Code   RO         1679    .text               mc_w.l(strcmp.o)
    0x0800c43a   0x0000001a   Code   RO         1681    .text               mc_w.l(memcmp.o)
    0x0800c454   0x00000012   Code   RO         1683    .text               mc_w.l(strcpy.o)
    0x0800c466   0x0000001e   Code   RO         1685    .text               mc_w.l(strncmp.o)
    0x0800c484   0x0000001a   Code   RO         1950    .text               mc_w.l(atoi.o)
    0x0800c49e   0x000000b0   Code   RO         1952    .text               mf_w.l(fadd.o)
    0x0800c54e   0x0000006c   Code   RO         1954    .text               mf_w.l(fmul.o)
    0x0800c5ba   0x00000080   Code   RO         1956    .text               mf_w.l(fdiv.o)
    0x0800c63a   0x0000014e   Code   RO         1958    .text               mf_w.l(dadd.o)
    0x0800c788   0x000000e4   Code   RO         1960    .text               mf_w.l(dmul.o)
    0x0800c86c   0x000000de   Code   RO         1962    .text               mf_w.l(ddiv.o)
    0x0800c94a   0x00000012   Code   RO         1964    .text               mf_w.l(fflti.o)
    0x0800c95c   0x0000000a   Code   RO         1966    .text               mf_w.l(ffltui.o)
    0x0800c966   0x00000028   Code   RO         1968    .text               mf_w.l(ffixui.o)
    0x0800c98e   0x00000032   Code   RO         1970    .text               mf_w.l(dfixui.o)
    0x0800c9c0   0x00000026   Code   RO         1972    .text               mf_w.l(f2d.o)
    0x0800c9e6   0x00000038   Code   RO         1974    .text               mf_w.l(d2f.o)
    0x0800ca1e   0x0000002c   Code   RO         1991    .text               mc_w.l(uidiv.o)
    0x0800ca4a   0x00000062   Code   RO         1993    .text               mc_w.l(uldiv.o)
    0x0800caac   0x0000001e   Code   RO         1995    .text               mc_w.l(llshl.o)
    0x0800caca   0x00000020   Code   RO         1997    .text               mc_w.l(llushr.o)
    0x0800caea   0x00000024   Code   RO         1999    .text               mc_w.l(llsshr.o)
    0x0800cb0e   0x00000070   Code   RO         2008    .text               mc_w.l(strtol.o)
    0x0800cb7e   0x00000000   Code   RO         2010    .text               mc_w.l(iusefp.o)
    0x0800cb7e   0x0000006c   Code   RO         2011    .text               mf_w.l(fepilogue.o)
    0x0800cbea   0x000000be   Code   RO         2013    .text               mf_w.l(depilogue.o)
    0x0800cca8   0x00000030   Code   RO         2015    .text               mf_w.l(dfixul.o)
    0x0800ccd8   0x00000028   Code   RO         2017    .text               mf_w.l(cdrcmple.o)
    0x0800cd00   0x00000024   Code   RO         2019    .text               mc_w.l(init.o)
    0x0800cd24   0x00000008   Code   RO         2021    .text               mc_w.l(ctype_o.o)
    0x0800cd2c   0x0000009e   Code   RO         2049    .text               mc_w.l(_strtoul.o)
    0x0800cdca   0x0000001c   Code   RO         2051    .text               mc_w.l(_chval.o)
    0x0800cde6   0x0000005c   Code   RO         2061    .text               mc_w.l(__dczerorl2.o)
    0x0800ce42   0x00000002   PAD
    0x0800ce44   0x00000020   Code   RO         1896    i.__0printf$8       mc_w.l(printf8.o)
    0x0800ce64   0x00000028   Code   RO         1898    i.__0sprintf$8      mc_w.l(printf8.o)
    0x0800ce8c   0x00000010   Code   RO         1926    i.__0vprintf        mc_w.l(printfa.o)
    0x0800ce9c   0x00000024   Code   RO         1928    i.__0vsprintf       mc_w.l(printfa.o)
    0x0800cec0   0x00000008   Code   RO         2001    i.__aeabi_errno_addr  mc_w.l(errno.o)
    0x0800cec8   0x0000000e   Code   RO         2055    i.__scatterload_copy  mc_w.l(handlers.o)
    0x0800ced6   0x00000002   Code   RO         2056    i.__scatterload_null  mc_w.l(handlers.o)
    0x0800ced8   0x0000000e   Code   RO         2057    i.__scatterload_zeroinit  mc_w.l(handlers.o)
    0x0800cee6   0x00000002   PAD
    0x0800cee8   0x0000015c   Code   RO         1929    i._fp_digits        mc_w.l(printfa.o)
    0x0800d044   0x00000408   Code   RO         1903    i._printf_core      mc_w.l(printf8.o)
    0x0800d44c   0x000006f0   Code   RO         1930    i._printf_core      mc_w.l(printfa.o)
    0x0800db3c   0x00000026   Code   RO         1904    i._printf_post_padding  mc_w.l(printf8.o)
    0x0800db62   0x00000026   Code   RO         1931    i._printf_post_padding  mc_w.l(printfa.o)
    0x0800db88   0x00000030   Code   RO         1905    i._printf_pre_padding  mc_w.l(printf8.o)
    0x0800dbb8   0x00000030   Code   RO         1932    i._printf_pre_padding  mc_w.l(printfa.o)
    0x0800dbe8   0x0000000a   Code   RO         1907    i._sputc            mc_w.l(printf8.o)
    0x0800dbf2   0x0000000a   Code   RO         1934    i._sputc            mc_w.l(printfa.o)
    0x0800dbfc   0x00000015   Data   RO          264    .constdata          config.o
    0x0800dc11   0x0000000a   Data   RO          298    .constdata          relay.o
    0x0800dc1b   0x00000001   Data   RO          340    .constdata          dica.o
    0x0800dc1c   0x00000010   Data   RO          388    .constdata          serial.o
    0x0800dc2c   0x00000064   Data   RO          462    .constdata          at.o
    0x0800dc90   0x00000008   Data   RO          497    .constdata          sapp.o
    0x0800dc98   0x00000034   Data   RO          523    .constdata          printf.o
    0x0800dccc   0x00000002   Data   RO          564    .constdata          display.o
    0x0800dcce   0x00000021   Data   RO         1240    .constdata          0862100000STM32F103.lib(rtc_driver.o)
    0x0800dcef   0x00000001   PAD
    0x0800dcf0   0x00000020   Data   RO         1314    .constdata          0862100000STM32F103.lib(timer_driver.o)
    0x0800dd10   0x00000054   Data   RO         1349    .constdata          0862100000STM32F103.lib(serial_driver.o)
    0x0800dd64   0x00000100   Data   RO         1462    .constdata          0862100000STM32F103.lib(os_core.o)
    0x0800de64   0x00000081   Data   RO         2022    .constdata          mc_w.l(ctype_o.o)
    0x0800dee5   0x00000003   PAD
    0x0800dee8   0x00000004   Data   RO         2023    .constdata          mc_w.l(ctype_o.o)
    0x0800deec   0x00000015   Data   RO          463    .conststring        at.o
    0x0800df01   0x00000003   PAD
    0x0800df04   0x0000001c   Data   RO         1137    .conststring        0862100000STM32F103.lib(gpio.o)
    0x0800df20   0x00000020   Data   RO         2053    Region$$Table       anon$$obj.o


    Execution Region RW_IRAM1 (Base: 0x20000000, Size: 0x00004528, Max: 0x00005000, ABSOLUTE, COMPRESSED[0x000001d8])

    Base Addr    Size         Type   Attr      Idx    E Section Name        Object

    0x20000000   0x0000000c   Data   RW            3    .data               app.o
    0x2000000c   0x00000004   Data   RW          266    .data               config.o
    0x20000010   0x00000008   Data   RW          267    .data               config.o
    0x20000018   0x00000002   Data   RW          389    .data               serial.o
    0x2000001a   0x00000002   PAD
    0x2000001c   0x00000004   Data   RW          435    .data               uartcmd.o
    0x20000020   0x00000001   Data   RW          464    .data               at.o
    0x20000021   0x00000008   Data   RW          498    .data               sapp.o
    0x20000029   0x00000003   PAD
    0x2000002c   0x00000004   Data   RW          565    .data               display.o
    0x20000030   0x00000132   Data   RW          621    .data               modbus.o
    0x20000162   0x00000014   Data   RW          700    .data               stm32f10x_rcc.o
    0x20000176   0x00000002   PAD
    0x20000178   0x00000014   Data   RW          871    .data               system_stm32f10x.o
    0x2000018c   0x00000004   Data   RW          951    .data               0862100000STM32F103.lib(msg.o)
    0x20000190   0x00000004   Data   RW          992    .data               0862100000STM32F103.lib(task.o)
    0x20000194   0x00000004   Data   RW         1009    .data               0862100000STM32F103.lib(voslog.o)
    0x20000198   0x00000002   Data   RW         1034    .data               0862100000STM32F103.lib(keyboard.o)
    0x2000019a   0x00000002   PAD
    0x2000019c   0x00000008   Data   RW         1138    .data               0862100000STM32F103.lib(gpio.o)
    0x200001a4   0x000000fc   Data   RW         1139    .data               0862100000STM32F103.lib(gpio.o)
    0x200002a0   0x00000008   Data   RW         1182    .data               0862100000STM32F103.lib(bsp.o)
    0x200002a8   0x00000002   Data   RW         1241    .data               0862100000STM32F103.lib(rtc_driver.o)
    0x200002aa   0x00000002   PAD
    0x200002ac   0x00000010   Data   RW         1315    .data               0862100000STM32F103.lib(timer_driver.o)
    0x200002bc   0x00000004   Data   RW         1333    .data               0862100000STM32F103.lib(sys_time.o)
    0x200002c0   0x0000000c   Data   RW         1369    .data               0862100000STM32F103.lib(common.o)
    0x200002cc   0x00000006   Data   RW         1398    .data               0862100000STM32F103.lib(osal_snv.o)
    0x200002d2   0x00000002   PAD
    0x200002d4   0x00000004   Data   RW         1433    .data               0862100000STM32F103.lib(ad7799_multi_driver.o)
    0x200002d8   0x00000030   Data   RW         1463    .data               0862100000STM32F103.lib(os_core.o)
    0x20000308   0x00000004   Data   RW         1464    .data               0862100000STM32F103.lib(os_core.o)
    0x2000030c   0x00000002   Data   RW         1521    .data               0862100000STM32F103.lib(memory.o)
    0x2000030e   0x00000100   Data   RW         1554    .data               0862100000STM32F103.lib(ctype.o)
    0x2000040e   0x00000001   Data   RW         1567    .data               0862100000STM32F103.lib(copyright.o)
    0x2000040f   0x00000001   PAD
    0x20000410   0x00000004   Data   RW         1990    .data               mc_w.l(stdout.o)
    0x20000414   0x00000004   Data   RW         2004    .data               mc_w.l(errno.o)
    0x20000418   0x00000a00   Zero   RW            2    .bss                app.o
    0x20000e18   0x0000042c   Zero   RW          260    .bss                config.o
    0x20001244   0x000000a0   Zero   RW          297    .bss                relay.o
    0x200012e4   0x000006cc   Zero   RW          387    .bss                serial.o
    0x200019b0   0x00000208   Zero   RW          434    .bss                uartcmd.o
    0x20001bb8   0x00000188   Zero   RW          496    .bss                sapp.o
    0x20001d40   0x00000064   Zero   RW          538    .bss                adc.o
    0x20001da4   0x000001c0   Zero   RW          563    .bss                display.o
    0x20001f64   0x000000f9   Zero   RW          617    .bss                modbus.o
    0x2000205d   0x00000003   PAD
    0x20002060   0x000000d0   Zero   RW          902    .bss                0862100000STM32F103.lib(timer.o)
    0x20002130   0x000001b0   Zero   RW          950    .bss                0862100000STM32F103.lib(msg.o)
    0x200022e0   0x00000024   Zero   RW          991    .bss                0862100000STM32F103.lib(task.o)
    0x20002304   0x00000100   Zero   RW         1033    .bss                0862100000STM32F103.lib(keyboard.o)
    0x20002404   0x000001c0   Zero   RW         1136    .bss                0862100000STM32F103.lib(gpio.o)
    0x200025c4   0x0000000a   Zero   RW         1239    .bss                0862100000STM32F103.lib(rtc_driver.o)
    0x200025ce   0x00000002   PAD
    0x200025d0   0x00000040   Zero   RW         1313    .bss                0862100000STM32F103.lib(timer_driver.o)
    0x20002610   0x00000a40   Zero   RW         1460    .bss                0862100000STM32F103.lib(os_core.o)
    0x20003050   0x0000008c   Zero   RW         1461    .bss                0862100000STM32F103.lib(os_core.o)
    0x200030dc   0x00001018   Zero   RW         1520    .bss                0862100000STM32F103.lib(memory.o)
    0x200040f4   0x00000030   Zero   RW         1611    .bss                0862100000STM32F103.lib(hal_spi_driver.o)
    0x20004124   0x00000004   PAD
    0x20004128   0x00000400   Zero   RW          863    STACK               startup_stm32f10x_hd.o


==============================================================================

Image component sizes


      Code (inc. data)   RO Data    RW Data    ZI Data      Debug   Object Name

       320         24          0          0        100       3481   adc.o
       696        106          0         12       2560     302072   app.o
       748        132        121          1          0       2412   at.o
       166          0          0          0          0       2199   beep.o
       928         62         21         12       1068      10700   config.o
         0          0          0          0          0         32   core_cm3.o
        84          8          1          0          0       1593   dica.o
      1724        132          2          4        448       9201   display.o
        90          0          0          0          0       1872   list.o
       176         18          0          0          0       1577   misc.o
     12858       1440          0        306        249      31118   modbus.o
        52         14         52          0          0       1184   printf.o
       336          8         10          0        160       3927   relay.o
       748         16          8          8        392       5287   sapp.o
      1536         22         16          2       1740      13052   serial.o
        36          8        304          0       1024        844   startup_stm32f10x_hd.o
       816         24          0          0          0       9333   stm32f10x_adc.o
       152          8          0          0          0       3284   stm32f10x_bkp.o
       448         10          0          0          0       3323   stm32f10x_dma.o
       232          8          0          0          0       2011   stm32f10x_exti.o
      1176         24          0          0          0       7908   stm32f10x_flash.o
       608         36          0          0          0       4849   stm32f10x_gpio.o
      1528        222          0          0          0       6662   stm32f10x_it.o
        60          6          0          0          0       1141   stm32f10x_iwdg.o
       172         12          0          0          0       1723   stm32f10x_pwr.o
       696         32          0         20          0       7924   stm32f10x_rcc.o
       272          6          0          0          0       2884   stm32f10x_rtc.o
       628         14          0          0          0       5686   stm32f10x_spi.o
      2588         64          0          0          0      17810   stm32f10x_tim.o
       816         20          0          0          0       7188   stm32f10x_usart.o
       332         28          0         20          0       1843   system_stm32f10x.o
       444         24          0          4        520       4315   uartcmd.o

    ----------------------------------------------------------------------
     31472       2528        570        396       8264     478435   Object Totals
         0          0         32          0          0          0   (incl. Generated)
         6          0          3          7          3          0   (incl. Padding)

    ----------------------------------------------------------------------

      Code (inc. data)   RO Data    RW Data    ZI Data      Debug   Library Member Name

       524         12          0          4          0       4468   ad7799_multi_driver.o
       248          8          0          0          0       1009   adc_driver.o
       280         12          0          8          0      17370   bsp.o
       328         26          0         12          0       9866   common.o
       128          8          0          1          0       2322   copyright.o
        22          0          0          0          0        260   cpu_a.o
         0          0          0        256          0        469   ctype.o
      1048          8         28        260        448       7928   gpio.o
         4          0          0          0          0        513   hal_assert.o
       130          0          0          0          0       1419   hal_flash.o
       796         38          0          0         48       5299   hal_spi_driver.o
       908         22          0          0          0       3360   help.o
        80          0          0          0          0        731   iwdg_driver.o
       476          8          0          2        256     274236   keyboard.o
       312         12          0          2       4120       2046   memory.o
       452          8          0          4        432       5925   msg.o
      1560         48        256         52       2764      14964   os_core.o
       168         40          0          0          0        316   os_cpu_a.o
       146          0          0          0          0      10981   os_cpu_c.o
      1520         40          0          0          0       5186   os_flag.o
       920         16          0          0          0       3514   os_mbox.o
       836         18          0          0          0       3234   os_sem.o
      1796         68          0          0          0       5767   os_task.o
       400         26          0          0          0       1706   os_time.o
      1128         10          0          6          0       6393   osal_snv.o
      1140         32         33          2         10       5307   rtc_driver.o
       160          6         84          0          0       1832   serial_driver.o
       340          4          0          4          0       3092   sys_time.o
       284         10          0          4         36       2187   task.o
       344         10          0          0        208      14435   timer.o
      1632         72         32         16         64       5988   timer_driver.o
        84          0          0          0          0      10173   vos.o
       104         48          0          4          0       1521   voslog.o
        92          0          0          0          0          0   __dczerorl2.o
        28          0          0          0          0         68   _chval.o
       158          0          0          0          0         92   _strtoul.o
        26          0          0          0          0         80   atoi.o
         8          4        133          0          0         68   ctype_o.o
         0          0          0          0          0          0   entry.o
         0          0          0          0          0          0   entry10a.o
         0          0          0          0          0          0   entry11a.o
         8          4          0          0          0          0   entry2.o
         4          0          0          0          0          0   entry5.o
         0          0          0          0          0          0   entry7b.o
         0          0          0          0          0          0   entry8b.o
         8          4          0          0          0          0   entry9a.o
         8          4          0          4          0         68   errno.o
        30          0          0          0          0          0   handlers.o
        36          8          0          0          0         68   init.o
         0          0          0          0          0          0   iusefp.o
        30          0          0          0          0         68   llshl.o
        36          0          0          0          0         68   llsshr.o
        32          0          0          0          0         68   llushr.o
        26          0          0          0          0         80   memcmp.o
        36          0          0          0          0         68   memcpya.o
        36          0          0          0          0        108   memseta.o
      1200         60          0          0          0        504   printf8.o
      2272         94          0          0          0        576   printfa.o
         0          0          0          4          0          0   stdout.o
        20          0          0          0          0         68   strchr.o
        28          0          0          0          0         76   strcmp.o
        18          0          0          0          0         68   strcpy.o
        14          0          0          0          0         68   strlen.o
        30          0          0          0          0         80   strncmp.o
       112          0          0          0          0         88   strtol.o
        44          0          0          0          0         80   uidiv.o
        98          0          0          0          0         92   uldiv.o
        40          2          0          0          0         68   cdrcmple.o
        56          0          0          0          0         88   d2f.o
       334          0          0          0          0        148   dadd.o
       222          0          0          0          0        100   ddiv.o
       190          0          0          0          0        176   depilogue.o
        50          0          0          0          0         76   dfixui.o
        48          0          0          0          0         68   dfixul.o
       228          0          0          0          0         96   dmul.o
        38          0          0          0          0         68   f2d.o
       176          0          0          0          0        140   fadd.o
       128          0          0          0          0         88   fdiv.o
       108          0          0          0          0        168   fepilogue.o
        40          0          0          0          0         68   ffixui.o
        18          0          0          0          0         68   fflti.o
        10          0          0          0          0         68   ffltui.o
       108          0          0          0          0         76   fmul.o

    ----------------------------------------------------------------------
     24540        790        570        652       8392     437985   Library Totals
        10          0          4          7          6          0   (incl. Padding)

    ----------------------------------------------------------------------

      Code (inc. data)   RO Data    RW Data    ZI Data      Debug   Library Name

     18298        610        433        637       8386     433817   0862100000STM32F103.lib
      4438        178        133          8          0       2604   mc_w.l
      1794          2          0          0          0       1564   mf_w.l

    ----------------------------------------------------------------------
     24540        790        570        652       8392     437985   Library Totals

    ----------------------------------------------------------------------

==============================================================================


      Code (inc. data)   RO Data    RW Data    ZI Data      Debug   

     56012       3318       1140       1048      16656     905396   Grand Totals
     56012       3318       1140        472      16656     905396   ELF Image Totals (compressed)
     56012       3318       1140        472          0          0   ROM Totals

==============================================================================

    Total RO  Size (Code + RO Data)                57152 (  55.81kB)
    Total RW  Size (RW Data + ZI Data)             17704 (  17.29kB)
    Total ROM Size (Code + RO Data + RW Data)      57624 (  56.27kB)

==============================================================================

