Component: ARM Compiler 5.06 update 6 (build 750) Tool: armlink [4d35ed]

==============================================================================

Section Cross References

    app.o(.text) refers to iwdg_driver.o(.text) for IWDG_Feed
    app.o(.text) refers to timer.o(.text) for TimerProc
    app.o(.text) refers to sys_time.o(.text) for sys_time_proc
    app.o(.text) refers to serial.o(.text) for Serial_CheckRcvIdleTime
    app.o(.text) refers to beep.o(.text) for RunToggle
    app.o(.text) refers to display.o(.text) for Display_SecondTask
    app.o(.text) refers to modbus.o(.text) for ModbusSecondTask
    app.o(.text) refers to sapp.o(.text) for SHZNAPP_SerialUnknowProc
    app.o(.text) refers to keyboard.o(.text) for RegisterKey
    app.o(.text) refers to stm32f10x_rcc.o(.text) for RCC_ClearFlag
    app.o(.text) refers to voslog.o(.text) for VOS_SetLogLevel
    app.o(.text) refers to gpio.o(.text) for stm32_gpio_init
    app.o(.text) refers to uartcmd.o(.text) for UartCmdInit
    app.o(.text) refers to printf.o(.text) for Printf_Init
    app.o(.text) refers to osal_snv.o(.text) for osal_snv_init
    app.o(.text) refers to config.o(.text) for Config_Init
    app.o(.text) refers to relay.o(.text) for InitRelays
    app.o(.text) refers to dica.o(.text) for Ioctrl_input_init
    app.o(.text) refers to adc.o(.text) for ADC_Meas_Init
    app.o(.text) refers to msg.o(.text) for MessageAlloc
    app.o(.text) refers to bsp.o(.text) for BSP_Init
    app.o(.text) refers to task.o(.text) for VOS_CreateTask
    app.o(.text) refers to os_task.o(.text) for OSTaskNameSet
    app.o(.text) refers to os_time.o(.text) for OSTimeDlyHMSM
    app.o(.text) refers to cpu_a.o(.text) for CPU_IntDis
    app.o(.text) refers to misc.o(.text) for NVIC_SetVectorTable
    app.o(.text) refers to os_core.o(.text) for OSInit
    app.o(.text) refers to app.o(.data) for .data
    app.o(.text) refers to sapp.o(.data) for sappItfType
    app.o(.text) refers to sapp.o(.constdata) for sbRxBuf
    app.o(.text) refers to app.o(.bss) for .bss
    stm32f10x_it.o(.text) refers to os_cpu_a.o(.text) for OS_CPU_SR_Save
    stm32f10x_it.o(.text) refers to os_core.o(.text) for OSTimeTick
    stm32f10x_it.o(.text) refers to stm32f10x_usart.o(.text) for USART_GetITStatus
    stm32f10x_it.o(.text) refers to serial.o(.text) for Serial_FillRcvBuf
    stm32f10x_it.o(.text) refers to uartcmd.o(.text) for UartCmdPutData
    stm32f10x_it.o(.text) refers to stm32f10x_tim.o(.text) for TIM_GetITStatus
    stm32f10x_it.o(.text) refers to timer_driver.o(.text) for TIM_event_handler
    stm32f10x_it.o(.text) refers to stm32f10x_exti.o(.text) for EXTI_GetITStatus
    stm32f10x_it.o(.text) refers to gpio.o(.text) for sensor_event_handler
    stm32f10x_it.o(.text) refers to os_core.o(.data) for OSRunning
    stm32f10x_it.o(.text) refers to serial.o(.bss) for Serial
    stm32f10x_it.o(.text) refers to stm32f10x_adc.o(.text) for ADC_GetITStatus
    stm32f10x_it.o(.text) refers to adc.o(.text) for Oversampling_GetConversion
    stm32f10x_it.o(.text) refers to msg.o(.text) for MessageAlloc
    stm32f10x_it.o(.text) refers to printf8.o(i.__0printf$8) for __2printf
    config.o(.text) refers to osal_snv.o(.text) for osal_snv_write
    config.o(.text) refers to os_cpu_a.o(.text) for OS_CPU_SR_Save
    config.o(.text) refers to stm32f10x_flash.o(.text) for FLASH_Unlock
    config.o(.text) refers to iwdg_driver.o(.text) for IWDG_Feed
    config.o(.text) refers to memcpya.o(.text) for __aeabi_memcpy
    config.o(.text) refers to memseta.o(.text) for __aeabi_memclr
    config.o(.text) refers to strcpy.o(.text) for strcpy
    config.o(.text) refers to sapp.o(.text) for SHZNAPP_SerialResp
    config.o(.text) refers to serial.o(.text) for SerialInit
    config.o(.text) refers to rtc_driver.o(.text) for RTC_Set
    config.o(.text) refers to beep.o(.text) for MainBeepWithDuration
    config.o(.text) refers to config.o(.constdata) for .constdata
    config.o(.text) refers to sapp.o(.data) for sappFlags
    config.o(.text) refers to config.o(.data) for .data
    config.o(.text) refers to config.o(.bss) for .bss
    config.o(.text) refers to sapp.o(.constdata) for sbTxBuf
    config.o(.text) refers to rtc_driver.o(.bss) for timer
    relay.o(.text) refers to gpio.o(.text) for stm32_gpio_set_value
    relay.o(.text) refers to memseta.o(.text) for __aeabi_memclr4
    relay.o(.text) refers to sys_time.o(.text) for sys_timeout
    relay.o(.text) refers to relay.o(.constdata) for .constdata
    relay.o(.text) refers to relay.o(.bss) for .bss
    dica.o(.text) refers to stm32f10x_gpio.o(.text) for GPIO_PinRemapConfig
    dica.o(.text) refers to stm32f10x_rcc.o(.text) for RCC_APB1PeriphClockCmd
    dica.o(.text) refers to stm32f10x_pwr.o(.text) for PWR_BackupAccessCmd
    dica.o(.text) refers to gpio.o(.text) for stm32_gpio_cfgpin
    dica.o(.text) refers to dica.o(.constdata) for .constdata
    beep.o(.text) refers to gpio.o(.text) for stm32_gpio_cfgpin
[...]
    ADC_SoftwareStartConvCmd                 0x0800709b   Thumb Code    20  stm32f10x_adc.o(.text)
    ADC_GetSoftwareStartConvStatus           0x080070af   Thumb Code    14  stm32f10x_adc.o(.text)
    ADC_DiscModeChannelCountConfig           0x080070bd   Thumb Code    16  stm32f10x_adc.o(.text)
    ADC_DiscModeCmd                          0x080070cd   Thumb Code    20  stm32f10x_adc.o(.text)
    ADC_RegularChannelConfig                 0x080070e1   Thumb Code   116  stm32f10x_adc.o(.text)
    ADC_ExternalTrigConvCmd                  0x08007155   Thumb Code    20  stm32f10x_adc.o(.text)
    ADC_GetConversionValue                   0x08007169   Thumb Code     6  stm32f10x_adc.o(.text)
    ADC_GetDualModeConversionValue           0x0800716f   Thumb Code     8  stm32f10x_adc.o(.text)
    ADC_AutoInjectedConvCmd                  0x08007177   Thumb Code    20  stm32f10x_adc.o(.text)
    ADC_InjectedDiscModeCmd                  0x0800718b   Thumb Code    20  stm32f10x_adc.o(.text)
    ADC_ExternalTrigInjectedConvConfig       0x0800719f   Thumb Code    12  stm32f10x_adc.o(.text)
    ADC_ExternalTrigInjectedConvCmd          0x080071ab   Thumb Code    20  stm32f10x_adc.o(.text)
    ADC_SoftwareStartInjectedConvCmd         0x080071bf   Thumb Code    20  stm32f10x_adc.o(.text)
    ADC_GetSoftwareStartInjectedConvCmdStatus 0x080071d3   Thumb Code    14  stm32f10x_adc.o(.text)
    ADC_InjectedChannelConfig                0x080071e1   Thumb Code    74  stm32f10x_adc.o(.text)
    ADC_InjectedSequencerLengthConfig        0x0800722b   Thumb Code    16  stm32f10x_adc.o(.text)
    ADC_SetInjectedOffset                    0x0800723b   Thumb Code    10  stm32f10x_adc.o(.text)
    ADC_GetInjectedConversionValue           0x08007245   Thumb Code    14  stm32f10x_adc.o(.text)
    ADC_AnalogWatchdogCmd                    0x08007253   Thumb Code    12  stm32f10x_adc.o(.text)
    ADC_AnalogWatchdogThresholdsConfig       0x0800725f   Thumb Code     6  stm32f10x_adc.o(.text)
    ADC_AnalogWatchdogSingleChannelConfig    0x08007265   Thumb Code    12  stm32f10x_adc.o(.text)
    ADC_TempSensorVrefintCmd                 0x08007271   Thumb Code    24  stm32f10x_adc.o(.text)
    ADC_GetFlagStatus                        0x08007289   Thumb Code    14  stm32f10x_adc.o(.text)
    ADC_ClearFlag                            0x08007297   Thumb Code     6  stm32f10x_adc.o(.text)
    ADC_GetITStatus                          0x0800729d   Thumb Code    28  stm32f10x_adc.o(.text)
    ADC_ClearITPendingBit                    0x080072b9   Thumb Code     8  stm32f10x_adc.o(.text)
    DMA_DeInit                               0x080072d9   Thumb Code   216  stm32f10x_dma.o(.text)
    DMA_Init                                 0x080073b1   Thumb Code    58  stm32f10x_dma.o(.text)
    DMA_StructInit                           0x080073eb   Thumb Code    26  stm32f10x_dma.o(.text)
    DMA_Cmd                                  0x08007405   Thumb Code    20  stm32f10x_dma.o(.text)
    DMA_ITConfig                             0x08007419   Thumb Code    16  stm32f10x_dma.o(.text)
    DMA_GetCurrDataCounter                   0x08007429   Thumb Code     6  stm32f10x_dma.o(.text)
    DMA_GetFlagStatus                        0x0800742f   Thumb Code    28  stm32f10x_dma.o(.text)
    DMA_ClearFlag                            0x0800744b   Thumb Code    20  stm32f10x_dma.o(.text)
    DMA_GetITStatus                          0x0800745f   Thumb Code    28  stm32f10x_dma.o(.text)
    DMA_ClearITPendingBit                    0x0800747b   Thumb Code    20  stm32f10x_dma.o(.text)
    IWDG_WriteAccessCmd                      0x08007499   Thumb Code     6  stm32f10x_iwdg.o(.text)
    IWDG_SetPrescaler                        0x0800749f   Thumb Code     6  stm32f10x_iwdg.o(.text)
    IWDG_SetReload                           0x080074a5   Thumb Code     6  stm32f10x_iwdg.o(.text)
    IWDG_ReloadCounter                       0x080074ab   Thumb Code    10  stm32f10x_iwdg.o(.text)
    IWDG_Enable                              0x080074b5   Thumb Code    10  stm32f10x_iwdg.o(.text)
    IWDG_GetFlagStatus                       0x080074bf   Thumb Code    16  stm32f10x_iwdg.o(.text)
    USART_DeInit                             0x080074d5   Thumb Code    96  stm32f10x_usart.o(.text)
    USART_Init                               0x08007535   Thumb Code   166  stm32f10x_usart.o(.text)
    USART_StructInit                         0x080075db   Thumb Code    22  stm32f10x_usart.o(.text)
    USART_ClockInit                          0x080075f1   Thumb Code    30  stm32f10x_usart.o(.text)
    USART_ClockStructInit                    0x0800760f   Thumb Code    12  stm32f10x_usart.o(.text)
    USART_Cmd                                0x0800761b   Thumb Code    20  stm32f10x_usart.o(.text)
    USART_ITConfig                           0x0800762f   Thumb Code    48  stm32f10x_usart.o(.text)
    USART_DMACmd                             0x0800765f   Thumb Code    16  stm32f10x_usart.o(.text)
    USART_SetAddress                         0x0800766f   Thumb Code    16  stm32f10x_usart.o(.text)
    USART_WakeUpConfig                       0x0800767f   Thumb Code    16  stm32f10x_usart.o(.text)
    USART_ReceiverWakeUpCmd                  0x0800768f   Thumb Code    20  stm32f10x_usart.o(.text)
    USART_LINBreakDetectLengthConfig         0x080076a3   Thumb Code    16  stm32f10x_usart.o(.text)
    USART_LINCmd                             0x080076b3   Thumb Code    20  stm32f10x_usart.o(.text)
    USART_SendData                           0x080076c7   Thumb Code     8  stm32f10x_usart.o(.text)
    USART_ReceiveData                        0x080076cf   Thumb Code     8  stm32f10x_usart.o(.text)
    USART_SendBreak                          0x080076d7   Thumb Code    10  stm32f10x_usart.o(.text)
    USART_SetGuardTime                       0x080076e1   Thumb Code    16  stm32f10x_usart.o(.text)
    USART_SetPrescaler                       0x080076f1   Thumb Code    16  stm32f10x_usart.o(.text)
    USART_SmartCardCmd                       0x08007701   Thumb Code    20  stm32f10x_usart.o(.text)
    USART_SmartCardNACKCmd                   0x08007715   Thumb Code    20  stm32f10x_usart.o(.text)
    USART_HalfDuplexCmd                      0x08007729   Thumb Code    20  stm32f10x_usart.o(.text)
    USART_OverSampling8Cmd                   0x0800773d   Thumb Code    20  stm32f10x_usart.o(.text)
    USART_OneBitMethodCmd                    0x08007751   Thumb Code    20  stm32f10x_usart.o(.text)
    USART_IrDAConfig                         0x08007765   Thumb Code    16  stm32f10x_usart.o(.text)
    USART_IrDACmd                            0x08007775   Thumb Code    20  stm32f10x_usart.o(.text)
    USART_GetFlagStatus                      0x08007789   Thumb Code    14  stm32f10x_usart.o(.text)
    USART_ClearFlag                          0x08007797   Thumb Code     6  stm32f10x_usart.o(.text)
    USART_GetITStatus                        0x0800779d   Thumb Code    62  stm32f10x_usart.o(.text)
    USART_ClearITPendingBit                  0x080077db   Thumb Code    12  stm32f10x_usart.o(.text)
    NVIC_PriorityGroupConfig                 0x080077fd   Thumb Code    10  misc.o(.text)
    NVIC_Init                                0x08007807   Thumb Code    94  misc.o(.text)
    NVIC_SetVectorTable                      0x08007865   Thumb Code    14  misc.o(.text)
    NVIC_SystemLPConfig                      0x08007873   Thumb Code    20  misc.o(.text)
    SysTick_CLKSourceConfig                  0x08007887   Thumb Code    24  misc.o(.text)
    Reset_Handler                            0x080078ad   Thumb Code     8  startup_stm32f10x_hd.o(.text)
    ADC3_IRQHandler                          0x080078c7   Thumb Code     0  startup_stm32f10x_hd.o(.text)
    DMA1_Channel2_IRQHandler                 0x080078c7   Thumb Code     0  startup_stm32f10x_hd.o(.text)
    DMA1_Channel3_IRQHandler                 0x080078c7   Thumb Code     0  startup_stm32f10x_hd.o(.text)
    DMA1_Channel4_IRQHandler                 0x080078c7   Thumb Code     0  startup_stm32f10x_hd.o(.text)
    DMA1_Channel5_IRQHandler                 0x080078c7   Thumb Code     0  startup_stm32f10x_hd.o(.text)
    DMA1_Channel6_IRQHandler                 0x080078c7   Thumb Code     0  startup_stm32f10x_hd.o(.text)
    DMA1_Channel7_IRQHandler                 0x080078c7   Thumb Code     0  startup_stm32f10x_hd.o(.text)
    DMA2_Channel1_IRQHandler                 0x080078c7   Thumb Code     0  startup_stm32f10x_hd.o(.text)
    DMA2_Channel2_IRQHandler                 0x080078c7   Thumb Code     0  startup_stm32f10x_hd.o(.text)
    DMA2_Channel3_IRQHandler                 0x080078c7   Thumb Code     0  startup_stm32f10x_hd.o(.text)
    DMA2_Channel4_5_IRQHandler               0x080078c7   Thumb Code     0  startup_stm32f10x_hd.o(.text)
    FLASH_IRQHandler                         0x080078c7   Thumb Code     0  startup_stm32f10x_hd.o(.text)
    FSMC_IRQHandler                          0x080078c7   Thumb Code     0  startup_stm32f10x_hd.o(.text)
    I2C1_ER_IRQHandler                       0x080078c7   Thumb Code     0  startup_stm32f10x_hd.o(.text)
    I2C1_EV_IRQHandler                       0x080078c7   Thumb Code     0  startup_stm32f10x_hd.o(.text)
    I2C2_ER_IRQHandler                       0x080078c7   Thumb Code     0  startup_stm32f10x_hd.o(.text)
    I2C2_EV_IRQHandler                       0x080078c7   Thumb Code     0  startup_stm32f10x_hd.o(.text)
    PVD_IRQHandler                           0x080078c7   Thumb Code     0  startup_stm32f10x_hd.o(.text)
    RCC_IRQHandler                           0x080078c7   Thumb Code     0  startup_stm32f10x_hd.o(.text)
    RTCAlarm_IRQHandler                      0x080078c7   Thumb Code     0  startup_stm32f10x_hd.o(.text)
    RTC_IRQHandler                           0x080078c7   Thumb Code     0  startup_stm32f10x_hd.o(.text)
    SDIO_IRQHandler                          0x080078c7   Thumb Code     0  startup_stm32f10x_hd.o(.text)
    SPI3_IRQHandler                          0x080078c7   Thumb Code     0  startup_stm32f10x_hd.o(.text)
    TAMPER_IRQHandler                        0x080078c7   Thumb Code     0  startup_stm32f10x_hd.o(.text)
    TIM1_BRK_IRQHandler                      0x080078c7   Thumb Code     0  startup_stm32f10x_hd.o(.text)
    TIM1_TRG_COM_IRQHandler                  0x080078c7   Thumb Code     0  startup_stm32f10x_hd.o(.text)
    TIM1_UP_IRQHandler                       0x080078c7   Thumb Code     0  startup_stm32f10x_hd.o(.text)
    TIM5_IRQHandler                          0x080078c7   Thumb Code     0  startup_stm32f10x_hd.o(.text)
    TIM6_IRQHandler                          0x080078c7   Thumb Code     0  startup_stm32f10x_hd.o(.text)
    TIM7_IRQHandler                          0x080078c7   Thumb Code     0  startup_stm32f10x_hd.o(.text)
    TIM8_BRK_IRQHandler                      0x080078c7   Thumb Code     0  startup_stm32f10x_hd.o(.text)
    TIM8_CC_IRQHandler                       0x080078c7   Thumb Code     0  startup_stm32f10x_hd.o(.text)
    TIM8_TRG_COM_IRQHandler                  0x080078c7   Thumb Code     0  startup_stm32f10x_hd.o(.text)
    TIM8_UP_IRQHandler                       0x080078c7   Thumb Code     0  startup_stm32f10x_hd.o(.text)
    UART4_IRQHandler                         0x080078c7   Thumb Code     0  startup_stm32f10x_hd.o(.text)
    UART5_IRQHandler                         0x080078c7   Thumb Code     0  startup_stm32f10x_hd.o(.text)
    USBWakeUp_IRQHandler                     0x080078c7   Thumb Code     0  startup_stm32f10x_hd.o(.text)
    WWDG_IRQHandler                          0x080078c7   Thumb Code     0  startup_stm32f10x_hd.o(.text)
    SystemInit                               0x08007979   Thumb Code    50  system_stm32f10x.o(.text)
    SystemCoreClockUpdate                    0x080079ab   Thumb Code    86  system_stm32f10x.o(.text)
    InitTimer                                0x08007a1d   Thumb Code    18  timer.o(.text)
    FreeTimerSlot                            0x08007a2f   Thumb Code    10  timer.o(.text)
    RmvTimer                                 0x08007a39   Thumb Code    26  timer.o(.text)
    CheckTimer                               0x08007a53   Thumb Code    20  timer.o(.text)
    ModTimer                                 0x08007a67   Thumb Code    60  timer.o(.text)
    AddTimer                                 0x08007aa3   Thumb Code    98  timer.o(.text)
    TimerProc                                0x08007b05   Thumb Code   102  timer.o(.text)
    MessageQueueFull                         0x08007b75   Thumb Code    32  msg.o(.text)
    MessageQueueEmpty                        0x08007b95   Thumb Code    16  msg.o(.text)
    MessageQueueInit                         0x08007ba5   Thumb Code    42  msg.o(.text)
    createMessageQueue                       0x08007bcf   Thumb Code    74  msg.o(.text)
    queueMessage                             0x08007c19   Thumb Code    70  msg.o(.text)
    waitMessage                              0x08007c5f   Thumb Code    72  msg.o(.text)
    MessageQueueDestroy                      0x08007ca7   Thumb Code    52  msg.o(.text)
    MessageAlloc                             0x08007cdb   Thumb Code    36  msg.o(.text)
    MessageFree                              0x08007cff   Thumb Code    10  msg.o(.text)
    MessageSend                              0x08007d09   Thumb Code    40  msg.o(.text)
    VOS_TaskInit                             0x08007d39   Thumb Code    14  task.o(.text)
    VOS_TaskEntry                            0x08007d47   Thumb Code    24  task.o(.text)
    VOS_CreateTask                           0x08007d5f   Thumb Code   152  task.o(.text)
    VOS_DestroyTask                          0x08007df7   Thumb Code    40  task.o(.text)
    VOS_GetTaskByPid                         0x08007e1f   Thumb Code    20  task.o(.text)
    VOS_GetTaskQueueByPid                    0x08007e33   Thumb Code    24  task.o(.text)
    VOS_logger                               0x08007e55   Thumb Code    46  voslog.o(.text)
    VOS_SetLogLevel                          0x08007e83   Thumb Code    10  voslog.o(.text)
    keyboard_get_keystate                    0x08007ebd   Thumb Code    30  keyboard.o(.text)
    keyboard_get_linestate                   0x08007edb   Thumb Code     6  keyboard.o(.text)
    KeyboardInit                             0x08007ee1   Thumb Code    18  keyboard.o(.text)
    keyboard_report                          0x08007ef3   Thumb Code    34  keyboard.o(.text)
    keyboard_to                              0x08007f15   Thumb Code    56  keyboard.o(.text)
    keyboard_sh                              0x08007f4d   Thumb Code    74  keyboard.o(.text)
    RegisterKey                              0x08007f97   Thumb Code   156  keyboard.o(.text)
    UnregisterKey                            0x08008033   Thumb Code    94  keyboard.o(.text)
    stm32_gpio_cfgpin                        0x08008179   Thumb Code    34  gpio.o(.text)
    stm32_gpio_getcfg                        0x0800819b   Thumb Code    28  gpio.o(.text)
    stm32_gpio_get_value                     0x080081b7   Thumb Code    26  gpio.o(.text)
    stm32_gpio_set_value                     0x080081d1   Thumb Code    30  gpio.o(.text)
    stm32_gpio_toggle_value                  0x080081ef   Thumb Code    26  gpio.o(.text)
    stm32_gpio_cfg_irq                       0x08008209   Thumb Code   130  gpio.o(.text)
    stm32_gpio_disable_irq                   0x0800828b   Thumb Code    34  gpio.o(.text)
    stm32_gpio_enable_irq                    0x080082ad   Thumb Code    60  gpio.o(.text)
    stm32_gpio_get_ext_state                 0x080082e9   Thumb Code    26  gpio.o(.text)
    stm32_gpio_get_ext_line                  0x08008303   Thumb Code    14  gpio.o(.text)
    CheckSensor                              0x08008311   Thumb Code    20  gpio.o(.text)
    InstallSensorHandler                     0x08008325   Thumb Code   118  gpio.o(.text)
    UninstallSensorHandler                   0x0800839b   Thumb Code    48  gpio.o(.text)
    UninstallSingleSensorHandler             0x080083cb   Thumb Code    68  gpio.o(.text)
    sensor_event_handler                     0x0800840f   Thumb Code   106  gpio.o(.text)
    stm32_gpio_init                          0x08008479   Thumb Code    26  gpio.o(.text)
    Att_value_split_list                     0x080084b1   Thumb Code    64  help.o(.text)
    Att_value_split                          0x080084f1   Thumb Code    34  help.o(.text)
    Att_value_count                          0x08008513   Thumb Code    30  help.o(.text)
    Att_value_replace                        0x08008531   Thumb Code    34  help.o(.text)
    att_helper_trim                          0x08008553   Thumb Code    68  help.o(.text)
    Att_value_parse                          0x08008597   Thumb Code    44  help.o(.text)
    Att_latof                                0x080085c3   Thumb Code   290  help.o(.text)
    Att_latoi                                0x080086e5   Thumb Code    80  help.o(.text)
    Att_latodate                             0x08008735   Thumb Code   242  help.o(.text)
    SysTick_Configuration                    0x0800883d   Thumb Code    80  bsp.o(.text)
    BSP_Init                                 0x0800888d   Thumb Code    48  bsp.o(.text)
    BSP_IntDisAll                            0x080088bd   Thumb Code     2  bsp.o(.text)
    SysTick_DelayUs                          0x080088bf   Thumb Code    62  bsp.o(.text)
    SysTick_DelayMs                          0x080088fd   Thumb Code    44  bsp.o(.text)
    IWDG_Init                                0x08008955   Thumb Code    50  iwdg_driver.o(.text)
    IWDG_Feed                                0x08008987   Thumb Code     4  iwdg_driver.o(.text)
    IWDG_Stop                                0x0800898b   Thumb Code     6  iwdg_driver.o(.text)
    IWDG_Start                               0x08008991   Thumb Code    20  iwdg_driver.o(.text)
    RTC_InitBackupRegister                   0x080089a5   Thumb Code    26  rtc_driver.o(.text)
    RTC_ReadBackup                           0x080089bf   Thumb Code    70  rtc_driver.o(.text)
    RTC_WriteBackup                          0x08008a05   Thumb Code    90  rtc_driver.o(.text)
    Is_Leap_Year                             0x08008a5f   Thumb Code    38  rtc_driver.o(.text)
    RTC_Set                                  0x08008a85   Thumb Code   190  rtc_driver.o(.text)
    RTC_Config                               0x08008b43   Thumb Code   224  rtc_driver.o(.text)
    RTC_Calc_Second                          0x08008c23   Thumb Code   160  rtc_driver.o(.text)
    RTC_Get_Week                             0x08008cc3   Thumb Code    78  rtc_driver.o(.text)
    RTC_Get_Helper                           0x08008d11   Thumb Code   234  rtc_driver.o(.text)
    RTC_Get                                  0x08008dfb   Thumb Code    16  rtc_driver.o(.text)
    RTC_Get_Second                           0x08008e0b   Thumb Code     4  rtc_driver.o(.text)
    RTC_Calibrate                            0x08008e0f   Thumb Code     4  rtc_driver.o(.text)
    TIM_Init_CMP                             0x08008e19   Thumb Code   232  timer_driver.o(.text)
    TIM_Init_PWM                             0x08008f01   Thumb Code   528  timer_driver.o(.text)
    TIM_PwmStart                             0x08009111   Thumb Code    26  timer_driver.o(.text)
    TIM_PwmStop                              0x0800912b   Thumb Code    32  timer_driver.o(.text)
    TIM_Init_General                         0x0800914b   Thumb Code   246  timer_driver.o(.text)
    TIM_Init_ETR                             0x08009241   Thumb Code   386  timer_driver.o(.text)
    TIM_SwitchOuputMode                      0x080093c3   Thumb Code    36  timer_driver.o(.text)
    TIM_InstallHandler                       0x080093e7   Thumb Code    50  timer_driver.o(.text)
    TIM_UninstallHandler                     0x08009419   Thumb Code    38  timer_driver.o(.text)
    TIM_event_handler                        0x0800943f   Thumb Code    30  timer_driver.o(.text)
    sys_arch_timeouts                        0x08009479   Thumb Code     4  sys_time.o(.text)
    __sys_untimeout                          0x0800947d   Thumb Code    50  sys_time.o(.text)
    sys_untimeout                            0x080094af   Thumb Code    30  sys_time.o(.text)
    __sys_timeout                            0x080094cd   Thumb Code    66  sys_time.o(.text)
    sys_timeout                              0x0800950f   Thumb Code    58  sys_time.o(.text)
    sys_time_match                           0x08009549   Thumb Code    24  sys_time.o(.text)
    sys_time_ticking                         0x08009561   Thumb Code    28  sys_time.o(.text)
    sys_time_proc                            0x0800957d   Thumb Code    68  sys_time.o(.text)
    sys_inittime                             0x080095c1   Thumb Code     8  sys_time.o(.text)
    STM_EVAL_COMInit                         0x080095cd   Thumb Code   154  serial_driver.o(.text)
    FLASH_PagesMask                          0x0800966d   Thumb Code    20  common.o(.text)
    HAL_SYSTEM_RESET                         0x08009681   Thumb Code    20  common.o(.text)
    FLASH_DisableWriteProtectionPages        0x08009695   Thumb Code   108  common.o(.text)
    FLASH_Prepare                            0x08009701   Thumb Code    36  common.o(.text)
    checkRC                                  0x08009725   Thumb Code    22  common.o(.text)
    GetDeviceElecId                          0x0800973b   Thumb Code    24  common.o(.text)
    CmpDeviceElecId                          0x08009753   Thumb Code    36  common.o(.text)
    HashDeviceElecId                         0x08009777   Thumb Code    24  common.o(.text)
    Flash_IsProtected                        0x0800978f   Thumb Code    12  common.o(.text)
    osal_snv_reset                           0x08009a13   Thumb Code    40  osal_snv.o(.text)
    osal_snv_init                            0x08009a3b   Thumb Code    20  osal_snv.o(.text)
    osal_snv_write                           0x08009a4f   Thumb Code   220  osal_snv.o(.text)
    osal_snv_read                            0x08009b2b   Thumb Code    40  osal_snv.o(.text)
    osal_snv_compact                         0x08009b53   Thumb Code    46  osal_snv.o(.text)
    DMA_ADC_ConfigurationExt                 0x08009c1d   Thumb Code   226  adc_driver.o(.text)
    DMA_ADC_Configuration                    0x08009cff   Thumb Code    14  adc_driver.o(.text)
    mAD7799_Init                             0x08009d15   Thumb Code    18  ad7799_multi_driver.o(.text)
    mAD7799_Write_Bytes_Helper               0x08009d27   Thumb Code    34  ad7799_multi_driver.o(.text)
    mAD7799_Read_Bytes_Helper                0x08009d49   Thumb Code    30  ad7799_multi_driver.o(.text)
    mAD7799_Write_Bytes                      0x08009d67   Thumb Code    40  ad7799_multi_driver.o(.text)
    mAD7799_Read_Bytes                       0x08009d8f   Thumb Code    40  ad7799_multi_driver.o(.text)
    mAD7799_ReadRegEx                        0x08009db7   Thumb Code    66  ad7799_multi_driver.o(.text)
    mAD7799_ReadReg                          0x08009df9   Thumb Code    16  ad7799_multi_driver.o(.text)
    mAD7799_WriteRegEx                       0x08009e09   Thumb Code    52  ad7799_multi_driver.o(.text)
    mAD7799_WriteReg                         0x08009e3d   Thumb Code    16  ad7799_multi_driver.o(.text)
    mAD7799_WaitBusy                         0x08009e4d   Thumb Code    64  ad7799_multi_driver.o(.text)
    mAD7799_Cs                               0x08009e8d   Thumb Code    14  ad7799_multi_driver.o(.text)
    mAD7799_GetBusyState                     0x08009e9b   Thumb Code     8  ad7799_multi_driver.o(.text)
    mAD7799_Calibrate                        0x08009ea3   Thumb Code    96  ad7799_multi_driver.o(.text)
    mAD7799_Reset                            0x08009f03   Thumb Code    18  ad7799_multi_driver.o(.text)
    OS_CPU_SR_Save                           0x08009f21   Thumb Code     0  os_cpu_a.o(.text)
    OS_CPU_SR_Restore                        0x08009f29   Thumb Code     0  os_cpu_a.o(.text)
    OSStartHighRdy                           0x08009f2f   Thumb Code     0  os_cpu_a.o(.text)
    OSCtxSw                                  0x08009f4f   Thumb Code     0  os_cpu_a.o(.text)
    OSIntCtxSw                               0x08009f59   Thumb Code     0  os_cpu_a.o(.text)
    PendSV_Handler                           0x08009f63   Thumb Code     0  os_cpu_a.o(.text)
    CPU_IntDis                               0x08009fc9   Thumb Code     0  cpu_a.o(.text)
    CPU_IntEn                                0x08009fcd   Thumb Code     0  cpu_a.o(.text)
    CPU_SR_Save                              0x08009fd1   Thumb Code     0  cpu_a.o(.text)
    CPU_SR_Restore                           0x08009fd9   Thumb Code     0  cpu_a.o(.text)
    OS_StrCopy                               0x08009fe1   Thumb Code    28  os_core.o(.text)
    OSEventNameGet                           0x08009ffd   Thumb Code    96  os_core.o(.text)
    OS_StrLen                                0x0800a05d   Thumb Code    20  os_core.o(.text)
    OSEventNameSet                           0x0800a071   Thumb Code   106  os_core.o(.text)
    OS_TaskIdle                              0x0800a0db   Thumb Code    22  os_core.o(.text)
    OS_MemClr                                0x0800a0f1   Thumb Code    18  os_core.o(.text)
    OSInit                                   0x0800a103   Thumb Code   240  os_core.o(.text)
    OSIntEnter                               0x0800a1f3   Thumb Code    20  os_core.o(.text)
    OSIntExit                                0x0800a229   Thumb Code    76  os_core.o(.text)
    OSSchedLock                              0x0800a275   Thumb Code    38  os_core.o(.text)
    OS_Sched                                 0x0800a29b   Thumb Code    58  os_core.o(.text)
    OSSchedUnlock                            0x0800a2d5   Thumb Code    52  os_core.o(.text)
    OSStart                                  0x0800a309   Thumb Code    38  os_core.o(.text)
    OSTimeTick                               0x0800a32f   Thumb Code   130  os_core.o(.text)
    OSVersion                                0x0800a3b1   Thumb Code     6  os_core.o(.text)
    OS_Dummy                                 0x0800a3b7   Thumb Code     2  os_core.o(.text)
    OS_EventTaskRdy                          0x0800a3b9   Thumb Code   148  os_core.o(.text)
    OS_EventTaskWait                         0x0800a44d   Thumb Code    68  os_core.o(.text)
    OS_EventTOAbort                          0x0800a491   Thumb Code    50  os_core.o(.text)
    OS_EventWaitListInit                     0x0800a4c3   Thumb Code    22  os_core.o(.text)
    OS_MemCopy                               0x0800a4d9   Thumb Code    20  os_core.o(.text)
    OS_TaskStatStkChk                        0x0800a4ed   Thumb Code    50  os_core.o(.text)
    OS_TCBInit                               0x0800a51f   Thumb Code   210  os_core.o(.text)
    OSMboxAccept                             0x0800a5f9   Thumb Code    34  os_mbox.o(.text)
    OSMboxCreate                             0x0800a61b   Thumb Code    60  os_mbox.o(.text)
    OSMboxDel                                0x0800a657   Thumb Code   210  os_mbox.o(.text)
    OSMboxPend                               0x0800a729   Thumb Code   196  os_mbox.o(.text)
    OSMboxPendAbort                          0x0800a7ed   Thumb Code   118  os_mbox.o(.text)
    OSMboxPost                               0x0800a863   Thumb Code    88  os_mbox.o(.text)
    OSMboxPostOpt                            0x0800a8bb   Thumb Code   120  os_mbox.o(.text)
    OSMboxQuery                              0x0800a933   Thumb Code    78  os_mbox.o(.text)
    OSTaskChangePrio                         0x0800a991   Thumb Code   304  os_task.o(.text)
    OSTaskCreate                             0x0800aac1   Thumb Code   132  os_task.o(.text)
    OS_TaskStkClr                            0x0800ab45   Thumb Code    22  os_task.o(.text)
    OSTaskCreateExt                          0x0800ab5b   Thumb Code   152  os_task.o(.text)
    OSTaskDel                                0x0800abf3   Thumb Code   292  os_task.o(.text)
    OSTaskDelReq                             0x0800ad17   Thumb Code    88  os_task.o(.text)
    OSTaskNameGet                            0x0800ad6f   Thumb Code   156  os_task.o(.text)
    OSTaskNameSet                            0x0800ae0b   Thumb Code   130  os_task.o(.text)
    OSTaskResume                             0x0800ae8d   Thumb Code   128  os_task.o(.text)
    OSTaskStkChk                             0x0800af0d   Thumb Code   126  os_task.o(.text)
    OSTaskSuspend                            0x0800af8b   Thumb Code   146  os_task.o(.text)
    OSTaskQuery                              0x0800b01d   Thumb Code    94  os_task.o(.text)
    OSTimeDly                                0x0800b095   Thumb Code    74  os_time.o(.text)
    OSTimeDlyHMSM                            0x0800b0df   Thumb Code   128  os_time.o(.text)
    OSTimeDlyResume                          0x0800b15f   Thumb Code   134  os_time.o(.text)
    OSTimeGet                                0x0800b1e5   Thumb Code    18  os_time.o(.text)
    OSTimeSet                                0x0800b1f7   Thumb Code    20  os_time.o(.text)
    InitMem                                  0x0800b225   Thumb Code   150  memory.o(.text)
    AllocMem                                 0x0800b2bb   Thumb Code   100  memory.o(.text)
    FreeMem                                  0x0800b31f   Thumb Code    48  memory.o(.text)
    MemCheck                                 0x0800b34f   Thumb Code     2  memory.o(.text)
    VOS_CreateSem                            0x0800b35d   Thumb Code    24  vos.o(.text)
    VOS_SemP                                 0x0800b375   Thumb Code    16  vos.o(.text)
    VOS_SemV                                 0x0800b385   Thumb Code    24  vos.o(.text)
    VOS_DestroySem                           0x0800b39d   Thumb Code    20  vos.o(.text)
    CopyRight_Init                           0x0800b3b1   Thumb Code    22  copyright.o(.text)
    CopyRight_return_type                    0x0800b3c7   Thumb Code    84  copyright.o(.text)
    CopyRight_VersionCheck                   0x0800b41b   Thumb Code    14  copyright.o(.text)
    halAssertHandler                         0x0800b431   Thumb Code     2  hal_assert.o(.text)
    halAssertHazardLights                    0x0800b433   Thumb Code     2  hal_assert.o(.text)
    HalFlashRead                             0x0800b435   Thumb Code    26  hal_flash.o(.text)
    HalFlashWrite                            0x0800b44f   Thumb Code    66  hal_flash.o(.text)
    HalFlashErase                            0x0800b491   Thumb Code    38  hal_flash.o(.text)
    hal_SPI2_CS_LOW                          0x0800b4b9   Thumb Code     2  hal_spi_driver.o(.text)
    hal_SPI2_CS_HIGH                         0x0800b4bb   Thumb Code     2  hal_spi_driver.o(.text)
    hal_SPI2_LowLevel_DeInit                 0x0800b4bd   Thumb Code    78  hal_spi_driver.o(.text)
    hal_SPI2_LowLevel_Init                   0x0800b50b   Thumb Code    76  hal_spi_driver.o(.text)
    hal_SPI2_DeInit                          0x0800b557   Thumb Code     2  hal_spi_driver.o(.text)
    hal_SPI2_SendByte                        0x0800b559   Thumb Code    48  hal_spi_driver.o(.text)
    hal_SPI2_ReadByte                        0x0800b589   Thumb Code     4  hal_spi_driver.o(.text)
    hal_SPI2_State                           0x0800b58d   Thumb Code    12  hal_spi_driver.o(.text)
    hal_SPI2_Init                            0x0800b599   Thumb Code    90  hal_spi_driver.o(.text)
    hal_SPI2_GetDin                          0x0800b5f3   Thumb Code     4  hal_spi_driver.o(.text)
    hal_SPI1_LowLevel_DeInit                 0x0800b5f7   Thumb Code    78  hal_spi_driver.o(.text)
    hal_SPI1_LowLevel_Init                   0x0800b645   Thumb Code    80  hal_spi_driver.o(.text)
    hal_SPI1_DeInit                          0x0800b695   Thumb Code     2  hal_spi_driver.o(.text)
    hal_SPI1_SendByte                        0x0800b697   Thumb Code    48  hal_spi_driver.o(.text)
    hal_SPI1_ReadByte                        0x0800b6cb   Thumb Code     4  hal_spi_driver.o(.text)
    hal_SPI1_State                           0x0800b6cf   Thumb Code    12  hal_spi_driver.o(.text)
    hal_SPI1_Init                            0x0800b6db   Thumb Code    88  hal_spi_driver.o(.text)
    hal_SPI1_GetDin                          0x0800b733   Thumb Code     4  hal_spi_driver.o(.text)
    hal_spi_Init                             0x0800b737   Thumb Code   120  hal_spi_driver.o(.text)
    OSInitHookBegin                          0x0800b7d5   Thumb Code     2  os_cpu_c.o(.text)
    OSInitHookEnd                            0x0800b7d7   Thumb Code     2  os_cpu_c.o(.text)
    OSTaskCreateHook                         0x0800b7d9   Thumb Code     4  os_cpu_c.o(.text)
    OSTaskDelHook                            0x0800b7dd   Thumb Code     4  os_cpu_c.o(.text)
    OSTaskIdleHook                           0x0800b7e1   Thumb Code     4  os_cpu_c.o(.text)
    OSTaskStatHook                           0x0800b7e5   Thumb Code     4  os_cpu_c.o(.text)
    OSTaskStkInit                            0x0800b7e9   Thumb Code   114  os_cpu_c.o(.text)
    OSTaskSwHook                             0x0800b85b   Thumb Code     4  os_cpu_c.o(.text)
    OSTCBInitHook                            0x0800b85f   Thumb Code     4  os_cpu_c.o(.text)
    OSTimeTickHook                           0x0800b863   Thumb Code     4  os_cpu_c.o(.text)
    OSFlagAccept                             0x0800b869   Thumb Code   162  os_flag.o(.text)
    OSFlagCreate                             0x0800b90b   Thumb Code    72  os_flag.o(.text)
    OS_FlagUnlink                            0x0800b953   Thumb Code    32  os_flag.o(.text)
    OSFlagDel                                0x0800b9bb   Thumb Code   196  os_flag.o(.text)
    OSFlagNameGet                            0x0800ba7f   Thumb Code    88  os_flag.o(.text)
    OSFlagNameSet                            0x0800bad7   Thumb Code   100  os_flag.o(.text)
    OSFlagPend                               0x0800bb91   Thumb Code   380  os_flag.o(.text)
    OSFlagPendGetFlagsRdy                    0x0800bd0d   Thumb Code    20  os_flag.o(.text)
    OSFlagPost                               0x0800bd21   Thumb Code   188  os_flag.o(.text)
    OSFlagQuery                              0x0800bddd   Thumb Code    46  os_flag.o(.text)
    OS_FlagInit                              0x0800be0b   Thumb Code    64  os_flag.o(.text)
    OSSemAccept                              0x0800be59   Thumb Code    36  os_sem.o(.text)
    OSSemCreate                              0x0800be7d   Thumb Code    60  os_sem.o(.text)
    OSSemDel                                 0x0800beb9   Thumb Code   210  os_sem.o(.text)
    OSSemPend                                0x0800bf8b   Thumb Code   168  os_sem.o(.text)
    OSSemPendAbort                           0x0800c033   Thumb Code   118  os_sem.o(.text)
    OSSemPost                                0x0800c0a9   Thumb Code    88  os_sem.o(.text)
    OSSemQuery                               0x0800c101   Thumb Code    78  os_sem.o(.text)
    OSSemSet                                 0x0800c14f   Thumb Code    60  os_sem.o(.text)
    __aeabi_memcpy                           0x0800c19d   Thumb Code    36  memcpya.o(.text)
    __aeabi_memcpy4                          0x0800c19d   Thumb Code     0  memcpya.o(.text)
    __aeabi_memcpy8                          0x0800c19d   Thumb Code     0  memcpya.o(.text)
    __aeabi_memset                           0x0800c1c1   Thumb Code    14  memseta.o(.text)
    __aeabi_memset4                          0x0800c1c1   Thumb Code     0  memseta.o(.text)
    __aeabi_memset8                          0x0800c1c1   Thumb Code     0  memseta.o(.text)
    __aeabi_memclr                           0x0800c1cf   Thumb Code     4  memseta.o(.text)
    __aeabi_memclr4                          0x0800c1cf   Thumb Code     0  memseta.o(.text)
    __aeabi_memclr8                          0x0800c1cf   Thumb Code     0  memseta.o(.text)
    _memset$wrapper                          0x0800c1d3   Thumb Code    18  memseta.o(.text)
    strchr                                   0x0800c1e5   Thumb Code    20  strchr.o(.text)
    strlen                                   0x0800c1f9   Thumb Code    14  strlen.o(.text)
    strcmp                                   0x0800c207   Thumb Code    28  strcmp.o(.text)
    memcmp                                   0x0800c223   Thumb Code    26  memcmp.o(.text)
    strcpy                                   0x0800c23d   Thumb Code    18  strcpy.o(.text)
    strncmp                                  0x0800c24f   Thumb Code    30  strncmp.o(.text)
    atoi                                     0x0800c26d   Thumb Code    26  atoi.o(.text)
    __aeabi_fadd                             0x0800c287   Thumb Code   164  fadd.o(.text)
    __aeabi_fsub                             0x0800c32b   Thumb Code     6  fadd.o(.text)
    __aeabi_frsub                            0x0800c331   Thumb Code     6  fadd.o(.text)
    __aeabi_fmul                             0x0800c337   Thumb Code   100  fmul.o(.text)
    __aeabi_fdiv                             0x0800c39b   Thumb Code   124  fdiv.o(.text)
    __aeabi_dadd                             0x0800c417   Thumb Code   322  dadd.o(.text)
    __aeabi_dsub                             0x0800c559   Thumb Code     6  dadd.o(.text)
    __aeabi_drsub                            0x0800c55f   Thumb Code     6  dadd.o(.text)
    __aeabi_dmul                             0x0800c565   Thumb Code   228  dmul.o(.text)
    __aeabi_ddiv                             0x0800c649   Thumb Code   222  ddiv.o(.text)
    __aeabi_i2f                              0x0800c727   Thumb Code    18  fflti.o(.text)
    __aeabi_ui2f                             0x0800c739   Thumb Code    10  ffltui.o(.text)
    __aeabi_ui2d                             0x0800c743   Thumb Code    26  dfltui.o(.text)
    __aeabi_f2uiz                            0x0800c75d   Thumb Code    40  ffixui.o(.text)
    __aeabi_d2iz                             0x0800c785   Thumb Code    62  dfixi.o(.text)
    __aeabi_d2uiz                            0x0800c7c3   Thumb Code    50  dfixui.o(.text)
    __aeabi_f2d                              0x0800c7f5   Thumb Code    38  f2d.o(.text)
    __aeabi_d2f                              0x0800c81b   Thumb Code    56  d2f.o(.text)
    __aeabi_uidiv                            0x0800c853   Thumb Code     0  uidiv.o(.text)
    __aeabi_uidivmod                         0x0800c853   Thumb Code    44  uidiv.o(.text)
    __aeabi_uldivmod                         0x0800c87f   Thumb Code    98  uldiv.o(.text)
    __aeabi_llsl                             0x0800c8e1   Thumb Code    30  llshl.o(.text)
    _ll_shift_l                              0x0800c8e1   Thumb Code     0  llshl.o(.text)
    __aeabi_llsr                             0x0800c8ff   Thumb Code    32  llushr.o(.text)
    _ll_ushift_r                             0x0800c8ff   Thumb Code     0  llushr.o(.text)
    __aeabi_lasr                             0x0800c91f   Thumb Code    36  llsshr.o(.text)
    _ll_sshift_r                             0x0800c91f   Thumb Code     0  llsshr.o(.text)
    strtol                                   0x0800c943   Thumb Code   112  strtol.o(.text)
    __I$use$fp                               0x0800c9b3   Thumb Code     0  iusefp.o(.text)
    _float_round                             0x0800c9b3   Thumb Code    18  fepilogue.o(.text)
    _float_epilogue                          0x0800c9c5   Thumb Code    92  fepilogue.o(.text)
    _double_round                            0x0800ca21   Thumb Code    30  depilogue.o(.text)
    _double_epilogue                         0x0800ca3f   Thumb Code   156  depilogue.o(.text)
    __ARM_scalbn                             0x0800cadb   Thumb Code    46  dscalb.o(.text)
    scalbn                                   0x0800cadb   Thumb Code     0  dscalb.o(.text)
    __aeabi_i2d                              0x0800cb09   Thumb Code    34  dflti.o(.text)
    __aeabi_d2ulz                            0x0800cb2b   Thumb Code    48  dfixul.o(.text)
    __aeabi_cdcmpeq                          0x0800cb5d   Thumb Code     0  cdcmple.o(.text)
    __aeabi_cdcmple                          0x0800cb5d   Thumb Code    48  cdcmple.o(.text)
    __aeabi_cdrcmple                         0x0800cb8d   Thumb Code    48  cdrcmple.o(.text)
    __scatterload                            0x0800cbbd   Thumb Code    28  init.o(.text)
    __scatterload_rt2                        0x0800cbbd   Thumb Code     0  init.o(.text)
    __rt_ctype_table                         0x0800cbe1   Thumb Code     4  ctype_o.o(.text)
    _strtoul                                 0x0800cbe9   Thumb Code   158  _strtoul.o(.text)
    _chval                                   0x0800cc87   Thumb Code    28  _chval.o(.text)
    __decompress                             0x0800cca3   Thumb Code     0  __dczerorl2.o(.text)
    __decompress1                            0x0800cca3   Thumb Code    86  __dczerorl2.o(.text)
    __0printf$8                              0x0800ccf9   Thumb Code    22  printf8.o(i.__0printf$8)
    __1printf$8                              0x0800ccf9   Thumb Code     0  printf8.o(i.__0printf$8)
    __2printf                                0x0800ccf9   Thumb Code     0  printf8.o(i.__0printf$8)
    __0sprintf$8                             0x0800cd19   Thumb Code    34  printf8.o(i.__0sprintf$8)
    __1sprintf$8                             0x0800cd19   Thumb Code     0  printf8.o(i.__0sprintf$8)
    __2sprintf                               0x0800cd19   Thumb Code     0  printf8.o(i.__0sprintf$8)
    __0vprintf                               0x0800cd41   Thumb Code     8  printfa.o(i.__0vprintf)
    __1vprintf                               0x0800cd41   Thumb Code     0  printfa.o(i.__0vprintf)
    __2vprintf                               0x0800cd41   Thumb Code     0  printfa.o(i.__0vprintf)
    __c89vprintf                             0x0800cd41   Thumb Code     0  printfa.o(i.__0vprintf)
    vprintf                                  0x0800cd41   Thumb Code     0  printfa.o(i.__0vprintf)
    __0vsprintf                              0x0800cd51   Thumb Code    30  printfa.o(i.__0vsprintf)
    __1vsprintf                              0x0800cd51   Thumb Code     0  printfa.o(i.__0vsprintf)
    __2vsprintf                              0x0800cd51   Thumb Code     0  printfa.o(i.__0vsprintf)
    __c89vsprintf                            0x0800cd51   Thumb Code     0  printfa.o(i.__0vsprintf)
    vsprintf                                 0x0800cd51   Thumb Code     0  printfa.o(i.__0vsprintf)
    __aeabi_errno_addr                       0x0800cd75   Thumb Code     4  errno.o(i.__aeabi_errno_addr)
    __rt_errno_addr                          0x0800cd75   Thumb Code     0  errno.o(i.__aeabi_errno_addr)
    __kernel_poly                            0x0800cd7d   Thumb Code   170  poly.o(i.__kernel_poly)
    __mathlib_dbl_divzero                    0x0800ce29   Thumb Code    12  dunder.o(i.__mathlib_dbl_divzero)
    __mathlib_dbl_infnan                     0x0800ce39   Thumb Code     6  dunder.o(i.__mathlib_dbl_infnan)
    __mathlib_dbl_invalid                    0x0800ce3f   Thumb Code    12  dunder.o(i.__mathlib_dbl_invalid)
    __scatterload_copy                       0x0800ce4b   Thumb Code    14  handlers.o(i.__scatterload_copy)
    __scatterload_null                       0x0800ce59   Thumb Code     2  handlers.o(i.__scatterload_null)
    __scatterload_zeroinit                   0x0800ce5b   Thumb Code    14  handlers.o(i.__scatterload_zeroinit)
    __set_errno                              0x0800ce69   Thumb Code     6  errno.o(i.__set_errno)
    log                                      0x0800db9d   Thumb Code   808  log.o(i.log)
    version                                  0x0800def8   Data          19  config.o(.constdata)
    relays                                   0x0800df0b   Data           5  relay.o(.constdata)
    relays_on                                0x0800df10   Data           5  relay.o(.constdata)
    inputs                                   0x0800df15   Data           1  dica.o(.constdata)
    Serial_DataBits                          0x0800df16   Data           4  serial.o(.constdata)
    Serial_StopBits                          0x0800df1a   Data           6  serial.o(.constdata)
    Serial_Parity                            0x0800df20   Data           6  serial.o(.constdata)
    sbRxBuf                                  0x0800df8c   Data           4  sapp.o(.constdata)
    sbTxBuf                                  0x0800df90   Data           4  sapp.o(.constdata)
    STM32F10x_STR                            0x0800df94   Data          52  printf.o(.constdata)
    BackupRegs                               0x0800dfca   Data           9  rtc_driver.o(.constdata)
    table_week                               0x0800dfd3   Data          12  rtc_driver.o(.constdata)
    mon_table                                0x0800dfdf   Data          12  rtc_driver.o(.constdata)
    TIMER_IRQ                                0x0800dfec   Data           8  timer_driver.o(.constdata)
    TIMER_IRQ_UP                             0x0800dff4   Data           8  timer_driver.o(.constdata)
    TIMER_CLK                                0x0800dffc   Data          16  timer_driver.o(.constdata)
    COM_TX_PIN                               0x0800e00c   Data           6  serial_driver.o(.constdata)
    COM_RX_PIN                               0x0800e012   Data           6  serial_driver.o(.constdata)
    COM_USART                                0x0800e018   Data          12  serial_driver.o(.constdata)
    COM_TX_PORT                              0x0800e024   Data          12  serial_driver.o(.constdata)
    COM_RX_PORT                              0x0800e030   Data          12  serial_driver.o(.constdata)
    COM_USART_CLK                            0x0800e03c   Data          12  serial_driver.o(.constdata)
    COM_TX_PORT_CLK                          0x0800e048   Data          12  serial_driver.o(.constdata)
    COM_RX_PORT_CLK                          0x0800e054   Data          12  serial_driver.o(.constdata)
    OSUnMapTbl                               0x0800e060   Data         256  os_core.o(.constdata)
    __mathlib_zero                           0x0800e198   Data           8  qnan.o(.constdata)
    __ctype_table                            0x0800e1a0   Data         129  ctype_o.o(.constdata)
    Region$$Table$$Base                      0x0800e260   Number         0  anon$$obj.o(Region$$Table)
    Region$$Table$$Limit                     0x0800e280   Number         0  anon$$obj.o(Region$$Table)
    ulAppTime                                0x20000000   Data           4  app.o(.data)
    ulAppTicks                               0x20000004   Data           4  app.o(.data)
    ulAppSecond                              0x20000008   Data           4  app.o(.data)
    gusDeviceId                              0x2000000c   Data           2  config.o(.data)
    CanAddress                               0x2000000e   Data           2  config.o(.data)
    aDevType                                 0x20000010   Data           8  config.o(.data)
    gSerialTester                            0x20000018   Data           2  serial.o(.data)
    sappItfType                              0x20000021   Data           1  sapp.o(.data)
    sappItfPort                              0x20000022   Data           1  sapp.o(.data)
    sappTgtType                              0x20000023   Data           1  sapp.o(.data)
    sbFcs                                    0x20000024   Data           1  sapp.o(.data)
    sbIdx                                    0x20000025   Data           1  sapp.o(.data)
    sbLen                                    0x20000026   Data           1  sapp.o(.data)
    sappFlags                                0x20000028   Data           1  sapp.o(.data)
    RD_mode                                  0x20000030   Data           1  modbus.o(.data)
    work_mode                                0x20000031   Data           1  modbus.o(.data)
    ent_flg                                  0x20000032   Data           1  modbus.o(.data)
    Asc_EN                                   0x20000033   Data           1  modbus.o(.data)
    Uart1flg                                 0x20000034   Data           1  modbus.o(.data)
    IAP_CONTR                                0x20000035   Data           1  modbus.o(.data)
    ES                                       0x20000036   Data           1  modbus.o(.data)
    ch1_Range_flg                            0x20000037   Data           1  modbus.o(.data)
    ch2_Range_flg                            0x20000038   Data           1  modbus.o(.data)
    ch3_Range_flg                            0x20000039   Data           1  modbus.o(.data)
    ch4_Range_flg                            0x2000003a   Data           1  modbus.o(.data)
    ch5_Range_flg                            0x2000003b   Data           1  modbus.o(.data)
    debug_range_flg                          0x2000003c   Data           1  modbus.o(.data)
    us1                                      0x2000003d   Data           1  modbus.o(.data)
    us2                                      0x2000003e   Data           1  modbus.o(.data)
    us3                                      0x2000003f   Data           1  modbus.o(.data)
    us4                                      0x20000040   Data           1  modbus.o(.data)
    us5                                      0x20000041   Data           1  modbus.o(.data)
    CRC_Reg                                  0x20000042   Data           2  modbus.o(.data)
    MCRC_Reg                                 0x20000044   Data           2  modbus.o(.data)
    c1addat                                  0x20000046   Data           2  modbus.o(.data)
    c2addat                                  0x20000048   Data           2  modbus.o(.data)
    c3addat                                  0x2000004a   Data           2  modbus.o(.data)
    c4addat                                  0x2000004c   Data           2  modbus.o(.data)
    c5addat                                  0x2000004e   Data           2  modbus.o(.data)
    t1addat                                  0x20000050   Data           2  modbus.o(.data)
    t2addat                                  0x20000052   Data           2  modbus.o(.data)
    t3addat                                  0x20000054   Data           2  modbus.o(.data)
    t4addat                                  0x20000056   Data           2  modbus.o(.data)
    t5addat                                  0x20000058   Data           2  modbus.o(.data)
    ch1_dbg_data_addr                        0x2000005c   Data           4  modbus.o(.data)
    ch2_dbg_data_addr                        0x20000060   Data           4  modbus.o(.data)
    ch3_dbg_data_addr                        0x20000064   Data           4  modbus.o(.data)
    ch4_dbg_data_addr                        0x20000068   Data           4  modbus.o(.data)
    ch5_dbg_data_addr                        0x2000006c   Data           4  modbus.o(.data)
    ch1_data_addr                            0x20000070   Data           4  modbus.o(.data)
    ch2_data_addr                            0x20000074   Data           4  modbus.o(.data)
    ch3_data_addr                            0x20000078   Data           4  modbus.o(.data)
    ch4_data_addr                            0x2000007c   Data           4  modbus.o(.data)
    ch5_data_addr                            0x20000080   Data           4  modbus.o(.data)
    Kcoef                                    0x20000084   Data           4  modbus.o(.data)
    Kp                                       0x20000088   Data           4  modbus.o(.data)
    RT10k                                    0x2000008c   Data         214  modbus.o(.data)
    SystemCoreClock                          0x20000178   Data           4  system_stm32f10x.o(.data)
    AHBPrescTable                            0x2000017c   Data          16  system_stm32f10x.o(.data)
    TIMER_Def                                0x200002ac   Data          16  timer_driver.o(.data)
    default_timeouts                         0x200002bc   Data           4  sys_time.o(.data)
    BlockNbr                                 0x200002c0   Data           4  common.o(.data)
    UserMemoryMask                           0x200002c4   Data           4  common.o(.data)
    FlashProtection                          0x200002c8   Data           4  common.o(.data)
    OSIntNesting                             0x200002d8   Data           1  os_core.o(.data)
    OSLockNesting                            0x200002d9   Data           1  os_core.o(.data)
    OSPrioCur                                0x200002da   Data           1  os_core.o(.data)
    OSPrioHighRdy                            0x200002db   Data           1  os_core.o(.data)
    OSRdyGrp                                 0x200002dc   Data           1  os_core.o(.data)
    OSRunning                                0x200002dd   Data           1  os_core.o(.data)
    OSTaskCtr                                0x200002de   Data           1  os_core.o(.data)
    OSCtxSwCtr                               0x200002e0   Data           4  os_core.o(.data)
    OSEventFreeList                          0x200002e4   Data           4  os_core.o(.data)
    OSIdleCtr                                0x200002e8   Data           4  os_core.o(.data)
    OSTCBCur                                 0x200002ec   Data           4  os_core.o(.data)
    OSTCBFreeList                            0x200002f0   Data           4  os_core.o(.data)
    OSTCBHighRdy                             0x200002f4   Data           4  os_core.o(.data)
    OSTCBList                                0x200002f8   Data           4  os_core.o(.data)
    OSTime                                   0x200002fc   Data           4  os_core.o(.data)
    OSRdyTbl                                 0x20000300   Data           8  os_core.o(.data)
    OSFlagFreeList                           0x20000308   Data           4  os_core.o(.data)
    memStat                                  0x2000030c   Data           2  memory.o(.data)
    _ctype                                   0x2000030e   Data         256  ctype.o(.data)
    __stdout                                 0x20000410   Data           4  stdout.o(.data)
    Config_buff                              0x20000e18   Data        1024  config.o(.bss)
    gAdmin                                   0x20001218   Data          34  config.o(.bss)
    gCfg                                     0x2000123a   Data          10  config.o(.bss)
    aPulseCtrl                               0x20001244   Data         160  relay.o(.bss)
    Serial                                   0x200012f0   Data        1740  serial.o(.bss)
    UartCmdStru                              0x200019bc   Data         520  uartcmd.o(.bss)
    rpcBuf                                   0x20001bc4   Data         392  sapp.o(.bss)
    ADC_ConvertedValue                       0x20001d4c   Data          80  adc.o(.bss)
    ADC_Result                               0x20001d9c   Data          20  adc.o(.bss)
    Display                                  0x20001db0   Data          84  display.o(.bss)
    cmd                                      0x20001e04   Data           9  modbus.o(.bss)
    paramarray                               0x20001e0e   Data          90  modbus.o(.bss)
    SendReg                                  0x20001e68   Data           9  modbus.o(.bss)
    ch1_data                                 0x20001e71   Data          12  modbus.o(.bss)
    ch2_data                                 0x20001e7d   Data          12  modbus.o(.bss)
    ch3_data                                 0x20001e89   Data          12  modbus.o(.bss)
    ch4_data                                 0x20001e95   Data          12  modbus.o(.bss)
    ch5_data                                 0x20001ea1   Data          12  modbus.o(.bss)
    ch1_dbg_data                             0x20001ead   Data          16  modbus.o(.bss)
    ch2_dbg_data                             0x20001ebd   Data          16  modbus.o(.bss)
    ch3_dbg_data                             0x20001ecd   Data          16  modbus.o(.bss)
    ch4_dbg_data                             0x20001edd   Data          16  modbus.o(.bss)
    ch5_dbg_data                             0x20001eed   Data          16  modbus.o(.bss)
    TimerArray                               0x20001f00   Data         192  timer.o(.bss)
    TimerIndex                               0x20001fc0   Data          16  timer.o(.bss)
    EXTI_PORT                                0x200022a4   Data          64  gpio.o(.bss)
    aSensorHandler                           0x200022e4   Data         384  gpio.o(.bss)
    timer                                    0x20002464   Data          10  rtc_driver.o(.bss)
    aTimerHandler                            0x20002470   Data          64  timer_driver.o(.bss)
    OSEventTbl                               0x200024b0   Data         360  os_core.o(.bss)
    OSTaskIdleStk                            0x20002618   Data         512  os_core.o(.bss)
    OSTCBPrioTbl                             0x20002818   Data         256  os_core.o(.bss)
    OSTCBTbl                                 0x20002918   Data        1496  os_core.o(.bss)
    OSFlagTbl                                0x20002ef0   Data         140  os_core.o(.bss)
    memblock                                 0x20002f7c   Data        4000  memory.o(.bss)
    memIndex                                 0x20003f1c   Data          40  memory.o(.bss)
    memOffset                                0x20003f44   Data          80  memory.o(.bss)
    __initial_sp                             0x200043c8   Data           0  startup_stm32f10x_hd.o(STACK)



==============================================================================

Memory Map of the image

  Image Entry point : 0x08000131

  Load Region LR_IROM1 (Base: 0x08000000, Size: 0x0000e698, Max: 0x00020000, ABSOLUTE, COMPRESSED[0x0000e454])

    Execution Region ER_IROM1 (Exec base: 0x08000000, Load base: 0x08000000, Size: 0x0000e280, Max: 0x00020000, ABSOLUTE)

    Exec Addr    Load Addr    Size         Type   Attr      Idx    E Section Name        Object

    0x08000000   0x08000000   0x00000130   Data   RO          869    RESET               startup_stm32f10x_hd.o
    0x08000130   0x08000130   0x00000000   Code   RO         1682  * .ARM.Collect$$$$00000000  mc_w.l(entry.o)
    0x08000130   0x08000130   0x00000004   Code   RO         2011    .ARM.Collect$$$$00000001  mc_w.l(entry2.o)
    0x08000134   0x08000134   0x00000004   Code   RO         2014    .ARM.Collect$$$$00000004  mc_w.l(entry5.o)
    0x08000138   0x08000138   0x00000000   Code   RO         2016    .ARM.Collect$$$$00000008  mc_w.l(entry7b.o)
    0x08000138   0x08000138   0x00000000   Code   RO         2018    .ARM.Collect$$$$0000000A  mc_w.l(entry8b.o)
    0x08000138   0x08000138   0x00000008   Code   RO         2019    .ARM.Collect$$$$0000000B  mc_w.l(entry9a.o)
    0x08000140   0x08000140   0x00000000   Code   RO         2021    .ARM.Collect$$$$0000000D  mc_w.l(entry10a.o)
    0x08000140   0x08000140   0x00000000   Code   RO         2023    .ARM.Collect$$$$0000000F  mc_w.l(entry11a.o)
    0x08000140   0x08000140   0x00000004   Code   RO         2012    .ARM.Collect$$$$00002712  mc_w.l(entry2.o)
    0x08000144   0x08000144   0x000002ac   Code   RO            1    .text               app.o
    0x080003f0   0x080003f0   0x00000604   Code   RO          228    .text               stm32f10x_it.o
    0x080009f4   0x080009f4   0x00000398   Code   RO          259    .text               config.o
    0x08000d8c   0x08000d8c   0x00000150   Code   RO          296    .text               relay.o
    0x08000edc   0x08000edc   0x00000054   Code   RO          339    .text               dica.o
    0x08000f30   0x08000f30   0x000000a6   Code   RO          373    .text               beep.o
    0x08000fd6   0x08000fd6   0x00000002   PAD
    0x08000fd8   0x08000fd8   0x000006b8   Code   RO          386    .text               serial.o
    0x08001690   0x08001690   0x000001c0   Code   RO          433    .text               uartcmd.o
    0x08001850   0x08001850   0x000002ec   Code   RO          461    .text               at.o
    0x08001b3c   0x08001b3c   0x000002e8   Code   RO          495    .text               sapp.o
    0x08001e24   0x08001e24   0x00000034   Code   RO          522    .text               printf.o
    0x08001e58   0x08001e58   0x00000140   Code   RO          537    .text               adc.o
    0x08001f98   0x08001f98   0x00000378   Code   RO          562    .text               display.o
    0x08002310   0x08002310   0x00003318   Code   RO          616    .text               modbus.o
    0x08005628   0x08005628   0x00000098   Code   RO          655    .text               stm32f10x_bkp.o
    0x080056c0   0x080056c0   0x000000e8   Code   RO          667    .text               stm32f10x_exti.o
    0x080057a8   0x080057a8   0x00000264   Code   RO          679    .text               stm32f10x_gpio.o
    0x08005a0c   0x08005a0c   0x000000ac   Code   RO          691    .text               stm32f10x_pwr.o
    0x08005ab8   0x08005ab8   0x000002b8   Code   RO          703    .text               stm32f10x_rcc.o
    0x08005d70   0x08005d70   0x00000274   Code   RO          717    .text               stm32f10x_spi.o
    0x08005fe4   0x08005fe4   0x00000a1c   Code   RO          729    .text               stm32f10x_tim.o
    0x08006a00   0x08006a00   0x00000110   Code   RO          742    .text               stm32f10x_rtc.o
    0x08006b10   0x08006b10   0x00000498   Code   RO          755    .text               stm32f10x_flash.o
    0x08006fa8   0x08006fa8   0x00000330   Code   RO          768    .text               stm32f10x_adc.o
    0x080072d8   0x080072d8   0x000001c0   Code   RO          793    .text               stm32f10x_dma.o
    0x08007498   0x08007498   0x0000003c   Code   RO          817    .text               stm32f10x_iwdg.o
    0x080074d4   0x080074d4   0x00000328   Code   RO          832    .text               stm32f10x_usart.o
    0x080077fc   0x080077fc   0x000000b0   Code   RO          844    .text               misc.o
    0x080078ac   0x080078ac   0x00000024   Code   RO          870    .text               startup_stm32f10x_hd.o
    0x080078d0   0x080078d0   0x0000014c   Code   RO          874    .text               system_stm32f10x.o
    0x08007a1c   0x08007a1c   0x00000158   Code   RO          905    .text               0862100000STM32F103.lib(timer.o)
    0x08007b74   0x08007b74   0x000001c4   Code   RO          953    .text               0862100000STM32F103.lib(msg.o)
    0x08007d38   0x08007d38   0x0000011c   Code   RO          994    .text               0862100000STM32F103.lib(task.o)
    0x08007e54   0x08007e54   0x00000068   Code   RO         1012    .text               0862100000STM32F103.lib(voslog.o)
    0x08007ebc   0x08007ebc   0x000001dc   Code   RO         1036    .text               0862100000STM32F103.lib(keyboard.o)
    0x08008098   0x08008098   0x00000418   Code   RO         1139    .text               0862100000STM32F103.lib(gpio.o)
    0x080084b0   0x080084b0   0x0000038c   Code   RO         1164    .text               0862100000STM32F103.lib(help.o)
    0x0800883c   0x0800883c   0x00000118   Code   RO         1185    .text               0862100000STM32F103.lib(bsp.o)
    0x08008954   0x08008954   0x00000050   Code   RO         1227    .text               0862100000STM32F103.lib(iwdg_driver.o)
    0x080089a4   0x080089a4   0x00000474   Code   RO         1242    .text               0862100000STM32F103.lib(rtc_driver.o)
    0x08008e18   0x08008e18   0x00000660   Code   RO         1316    .text               0862100000STM32F103.lib(timer_driver.o)
    0x08009478   0x08009478   0x00000154   Code   RO         1336    .text               0862100000STM32F103.lib(sys_time.o)
    0x080095cc   0x080095cc   0x000000a0   Code   RO         1352    .text               0862100000STM32F103.lib(serial_driver.o)
    0x0800966c   0x0800966c   0x00000148   Code   RO         1371    .text               0862100000STM32F103.lib(common.o)
    0x080097b4   0x080097b4   0x00000468   Code   RO         1401    .text               0862100000STM32F103.lib(osal_snv.o)
    0x08009c1c   0x08009c1c   0x000000f8   Code   RO         1424    .text               0862100000STM32F103.lib(adc_driver.o)
    0x08009d14   0x08009d14   0x0000020c   Code   RO         1436    .text               0862100000STM32F103.lib(ad7799_multi_driver.o)
    0x08009f20   0x08009f20   0x000000a8   Code   RO         1457    .text               0862100000STM32F103.lib(os_cpu_a.o)
    0x08009fc8   0x08009fc8   0x00000016   Code   RO         1460    .text               0862100000STM32F103.lib(cpu_a.o)
    0x08009fde   0x08009fde   0x00000002   PAD
    0x08009fe0   0x08009fe0   0x00000618   Code   RO         1463    .text               0862100000STM32F103.lib(os_core.o)
    0x0800a5f8   0x0800a5f8   0x00000398   Code   RO         1486    .text               0862100000STM32F103.lib(os_mbox.o)
    0x0800a990   0x0800a990   0x00000704   Code   RO         1498    .text               0862100000STM32F103.lib(os_task.o)
    0x0800b094   0x0800b094   0x00000190   Code   RO         1511    .text               0862100000STM32F103.lib(os_time.o)
    0x0800b224   0x0800b224   0x00000138   Code   RO         1523    .text               0862100000STM32F103.lib(memory.o)
    0x0800b35c   0x0800b35c   0x00000054   Code   RO         1539    .text               0862100000STM32F103.lib(vos.o)
    0x0800b3b0   0x0800b3b0   0x00000080   Code   RO         1570    .text               0862100000STM32F103.lib(copyright.o)
    0x0800b430   0x0800b430   0x00000004   Code   RO         1587    .text               0862100000STM32F103.lib(hal_assert.o)
    0x0800b434   0x0800b434   0x00000082   Code   RO         1602    .text               0862100000STM32F103.lib(hal_flash.o)
    0x0800b4b6   0x0800b4b6   0x00000002   PAD
    0x0800b4b8   0x0800b4b8   0x0000031c   Code   RO         1614    .text               0862100000STM32F103.lib(hal_spi_driver.o)
    0x0800b7d4   0x0800b7d4   0x00000092   Code   RO         1628    .text               0862100000STM32F103.lib(os_cpu_c.o)
    0x0800b866   0x0800b866   0x00000002   PAD
    0x0800b868   0x0800b868   0x000005f0   Code   RO         1647    .text               0862100000STM32F103.lib(os_flag.o)
    0x0800be58   0x0800be58   0x00000344   Code   RO         1660    .text               0862100000STM32F103.lib(os_sem.o)
    0x0800c19c   0x0800c19c   0x00000024   Code   RO         1685    .text               mc_w.l(memcpya.o)
    0x0800c1c0   0x0800c1c0   0x00000024   Code   RO         1687    .text               mc_w.l(memseta.o)
    0x0800c1e4   0x0800c1e4   0x00000014   Code   RO         1689    .text               mc_w.l(strchr.o)
    0x0800c1f8   0x0800c1f8   0x0000000e   Code   RO         1691    .text               mc_w.l(strlen.o)
    0x0800c206   0x0800c206   0x0000001c   Code   RO         1693    .text               mc_w.l(strcmp.o)
    0x0800c222   0x0800c222   0x0000001a   Code   RO         1695    .text               mc_w.l(memcmp.o)
    0x0800c23c   0x0800c23c   0x00000012   Code   RO         1697    .text               mc_w.l(strcpy.o)
    0x0800c24e   0x0800c24e   0x0000001e   Code   RO         1699    .text               mc_w.l(strncmp.o)
    0x0800c26c   0x0800c26c   0x0000001a   Code   RO         1964    .text               mc_w.l(atoi.o)
    0x0800c286   0x0800c286   0x000000b0   Code   RO         1966    .text               mf_w.l(fadd.o)
    0x0800c336   0x0800c336   0x00000064   Code   RO         1968    .text               mf_w.l(fmul.o)
    0x0800c39a   0x0800c39a   0x0000007c   Code   RO         1970    .text               mf_w.l(fdiv.o)
    0x0800c416   0x0800c416   0x0000014e   Code   RO         1972    .text               mf_w.l(dadd.o)
    0x0800c564   0x0800c564   0x000000e4   Code   RO         1974    .text               mf_w.l(dmul.o)
    0x0800c648   0x0800c648   0x000000de   Code   RO         1976    .text               mf_w.l(ddiv.o)
    0x0800c726   0x0800c726   0x00000012   Code   RO         1978    .text               mf_w.l(fflti.o)
    0x0800c738   0x0800c738   0x0000000a   Code   RO         1980    .text               mf_w.l(ffltui.o)
    0x0800c742   0x0800c742   0x0000001a   Code   RO         1982    .text               mf_w.l(dfltui.o)
    0x0800c75c   0x0800c75c   0x00000028   Code   RO         1984    .text               mf_w.l(ffixui.o)
    0x0800c784   0x0800c784   0x0000003e   Code   RO         1986    .text               mf_w.l(dfixi.o)
    0x0800c7c2   0x0800c7c2   0x00000032   Code   RO         1988    .text               mf_w.l(dfixui.o)
    0x0800c7f4   0x0800c7f4   0x00000026   Code   RO         1990    .text               mf_w.l(f2d.o)
    0x0800c81a   0x0800c81a   0x00000038   Code   RO         1992    .text               mf_w.l(d2f.o)
    0x0800c852   0x0800c852   0x0000002c   Code   RO         2026    .text               mc_w.l(uidiv.o)
    0x0800c87e   0x0800c87e   0x00000062   Code   RO         2028    .text               mc_w.l(uldiv.o)
    0x0800c8e0   0x0800c8e0   0x0000001e   Code   RO         2030    .text               mc_w.l(llshl.o)
    0x0800c8fe   0x0800c8fe   0x00000020   Code   RO         2032    .text               mc_w.l(llushr.o)
    0x0800c91e   0x0800c91e   0x00000024   Code   RO         2034    .text               mc_w.l(llsshr.o)
    0x0800c942   0x0800c942   0x00000070   Code   RO         2043    .text               mc_w.l(strtol.o)
    0x0800c9b2   0x0800c9b2   0x00000000   Code   RO         2045    .text               mc_w.l(iusefp.o)
    0x0800c9b2   0x0800c9b2   0x0000006e   Code   RO         2046    .text               mf_w.l(fepilogue.o)
    0x0800ca20   0x0800ca20   0x000000ba   Code   RO         2048    .text               mf_w.l(depilogue.o)
    0x0800cada   0x0800cada   0x0000002e   Code   RO         2050    .text               mf_w.l(dscalb.o)
    0x0800cb08   0x0800cb08   0x00000022   Code   RO         2052    .text               mf_w.l(dflti.o)
    0x0800cb2a   0x0800cb2a   0x00000030   Code   RO         2054    .text               mf_w.l(dfixul.o)
    0x0800cb5a   0x0800cb5a   0x00000002   PAD
    0x0800cb5c   0x0800cb5c   0x00000030   Code   RO         2056    .text               mf_w.l(cdcmple.o)
    0x0800cb8c   0x0800cb8c   0x00000030   Code   RO         2058    .text               mf_w.l(cdrcmple.o)
    0x0800cbbc   0x0800cbbc   0x00000024   Code   RO         2060    .text               mc_w.l(init.o)
    0x0800cbe0   0x0800cbe0   0x00000008   Code   RO         2062    .text               mc_w.l(ctype_o.o)
    0x0800cbe8   0x0800cbe8   0x0000009e   Code   RO         2090    .text               mc_w.l(_strtoul.o)
    0x0800cc86   0x0800cc86   0x0000001c   Code   RO         2092    .text               mc_w.l(_chval.o)
    0x0800cca2   0x0800cca2   0x00000056   Code   RO         2102    .text               mc_w.l(__dczerorl2.o)
    0x0800ccf8   0x0800ccf8   0x00000020   Code   RO         1910    i.__0printf$8       mc_w.l(printf8.o)
    0x0800cd18   0x0800cd18   0x00000028   Code   RO         1912    i.__0sprintf$8      mc_w.l(printf8.o)
    0x0800cd40   0x0800cd40   0x00000010   Code   RO         1940    i.__0vprintf        mc_w.l(printfa.o)
    0x0800cd50   0x0800cd50   0x00000024   Code   RO         1942    i.__0vsprintf       mc_w.l(printfa.o)
    0x0800cd74   0x0800cd74   0x00000008   Code   RO         2036    i.__aeabi_errno_addr  mc_w.l(errno.o)
    0x0800cd7c   0x0800cd7c   0x000000aa   Code   RO         2008    i.__kernel_poly     m_ws.l(poly.o)
    0x0800ce26   0x0800ce26   0x00000002   PAD
    0x0800ce28   0x0800ce28   0x00000010   Code   RO         1994    i.__mathlib_dbl_divzero  m_ws.l(dunder.o)
    0x0800ce38   0x0800ce38   0x00000006   Code   RO         1995    i.__mathlib_dbl_infnan  m_ws.l(dunder.o)
    0x0800ce3e   0x0800ce3e   0x0000000c   Code   RO         1997    i.__mathlib_dbl_invalid  m_ws.l(dunder.o)
    0x0800ce4a   0x0800ce4a   0x0000000e   Code   RO         2096    i.__scatterload_copy  mc_w.l(handlers.o)
    0x0800ce58   0x0800ce58   0x00000002   Code   RO         2097    i.__scatterload_null  mc_w.l(handlers.o)
    0x0800ce5a   0x0800ce5a   0x0000000e   Code   RO         2098    i.__scatterload_zeroinit  mc_w.l(handlers.o)
    0x0800ce68   0x0800ce68   0x0000000c   Code   RO         2038    i.__set_errno       mc_w.l(errno.o)
    0x0800ce74   0x0800ce74   0x00000184   Code   RO         1943    i._fp_digits        mc_w.l(printfa.o)
    0x0800cff8   0x0800cff8   0x00000410   Code   RO         1917    i._printf_core      mc_w.l(printf8.o)
    0x0800d408   0x0800d408   0x000006dc   Code   RO         1944    i._printf_core      mc_w.l(printfa.o)
    0x0800dae4   0x0800dae4   0x00000024   Code   RO         1918    i._printf_post_padding  mc_w.l(printf8.o)
    0x0800db08   0x0800db08   0x00000024   Code   RO         1945    i._printf_post_padding  mc_w.l(printfa.o)
    0x0800db2c   0x0800db2c   0x0000002e   Code   RO         1919    i._printf_pre_padding  mc_w.l(printf8.o)
    0x0800db5a   0x0800db5a   0x0000002e   Code   RO         1946    i._printf_pre_padding  mc_w.l(printfa.o)
    0x0800db88   0x0800db88   0x0000000a   Code   RO         1921    i._sputc            mc_w.l(printf8.o)
    0x0800db92   0x0800db92   0x0000000a   Code   RO         1948    i._sputc            mc_w.l(printfa.o)
    0x0800db9c   0x0800db9c   0x0000035c   Code   RO         1673    i.log               m_ws.l(log.o)
    0x0800def8   0x0800def8   0x00000013   Data   RO          264    .constdata          config.o
    0x0800df0b   0x0800df0b   0x0000000a   Data   RO          298    .constdata          relay.o
    0x0800df15   0x0800df15   0x00000001   Data   RO          340    .constdata          dica.o
    0x0800df16   0x0800df16   0x00000010   Data   RO          388    .constdata          serial.o
    0x0800df26   0x0800df26   0x00000002   PAD
    0x0800df28   0x0800df28   0x00000064   Data   RO          462    .constdata          at.o
    0x0800df8c   0x0800df8c   0x00000008   Data   RO          497    .constdata          sapp.o
    0x0800df94   0x0800df94   0x00000034   Data   RO          523    .constdata          printf.o
    0x0800dfc8   0x0800dfc8   0x00000002   Data   RO          564    .constdata          display.o
    0x0800dfca   0x0800dfca   0x00000021   Data   RO         1244    .constdata          0862100000STM32F103.lib(rtc_driver.o)
    0x0800dfeb   0x0800dfeb   0x00000001   PAD
    0x0800dfec   0x0800dfec   0x00000020   Data   RO         1318    .constdata          0862100000STM32F103.lib(timer_driver.o)
    0x0800e00c   0x0800e00c   0x00000054   Data   RO         1353    .constdata          0862100000STM32F103.lib(serial_driver.o)
    0x0800e060   0x0800e060   0x00000100   Data   RO         1466    .constdata          0862100000STM32F103.lib(os_core.o)
    0x0800e160   0x0800e160   0x00000038   Data   RO         1674    .constdata          m_ws.l(log.o)
    0x0800e198   0x0800e198   0x00000008   Data   RO         2010    .constdata          m_ws.l(qnan.o)
    0x0800e1a0   0x0800e1a0   0x00000081   Data   RO         2063    .constdata          mc_w.l(ctype_o.o)
    0x0800e221   0x0800e221   0x00000003   PAD
    0x0800e224   0x0800e224   0x00000004   Data   RO         2064    .constdata          mc_w.l(ctype_o.o)
    0x0800e228   0x0800e228   0x00000019   Data   RO          463    .conststring        at.o
    0x0800e241   0x0800e241   0x00000003   PAD
    0x0800e244   0x0800e244   0x0000001c   Data   RO         1141    .conststring        0862100000STM32F103.lib(gpio.o)
    0x0800e260   0x0800e260   0x00000020   Data   RO         2094    Region$$Table       anon$$obj.o


    Execution Region RW_IRAM1 (Exec base: 0x20000000, Load base: 0x0800e280, Size: 0x000043c8, Max: 0x00005000, ABSOLUTE, COMPRESSED[0x000001d4])

    Exec Addr    Load Addr    Size         Type   Attr      Idx    E Section Name        Object

    0x20000000   COMPRESSED   0x0000000c   Data   RW            3    .data               app.o
    0x2000000c   COMPRESSED   0x00000004   Data   RW          266    .data               config.o
    0x20000010   COMPRESSED   0x00000008   Data   RW          267    .data               config.o
    0x20000018   COMPRESSED   0x00000002   Data   RW          389    .data               serial.o
    0x2000001a   COMPRESSED   0x00000002   PAD
    0x2000001c   COMPRESSED   0x00000004   Data   RW          435    .data               uartcmd.o
    0x20000020   COMPRESSED   0x00000001   Data   RW          464    .data               at.o
    0x20000021   COMPRESSED   0x00000008   Data   RW          498    .data               sapp.o
    0x20000029   COMPRESSED   0x00000003   PAD
    0x2000002c   COMPRESSED   0x00000004   Data   RW          565    .data               display.o
    0x20000030   COMPRESSED   0x00000132   Data   RW          621    .data               modbus.o
    0x20000162   COMPRESSED   0x00000014   Data   RW          704    .data               stm32f10x_rcc.o
    0x20000176   COMPRESSED   0x00000002   PAD
    0x20000178   COMPRESSED   0x00000014   Data   RW          875    .data               system_stm32f10x.o
    0x2000018c   COMPRESSED   0x00000004   Data   RW          955    .data               0862100000STM32F103.lib(msg.o)
    0x20000190   COMPRESSED   0x00000004   Data   RW          996    .data               0862100000STM32F103.lib(task.o)
    0x20000194   COMPRESSED   0x00000004   Data   RW         1013    .data               0862100000STM32F103.lib(voslog.o)
    0x20000198   COMPRESSED   0x00000002   Data   RW         1038    .data               0862100000STM32F103.lib(keyboard.o)
    0x2000019a   COMPRESSED   0x00000002   PAD
    0x2000019c   COMPRESSED   0x00000008   Data   RW         1142    .data               0862100000STM32F103.lib(gpio.o)
    0x200001a4   COMPRESSED   0x000000fc   Data   RW         1143    .data               0862100000STM32F103.lib(gpio.o)
    0x200002a0   COMPRESSED   0x00000008   Data   RW         1186    .data               0862100000STM32F103.lib(bsp.o)
    0x200002a8   COMPRESSED   0x00000002   Data   RW         1245    .data               0862100000STM32F103.lib(rtc_driver.o)
    0x200002aa   COMPRESSED   0x00000002   PAD
    0x200002ac   COMPRESSED   0x00000010   Data   RW         1319    .data               0862100000STM32F103.lib(timer_driver.o)
    0x200002bc   COMPRESSED   0x00000004   Data   RW         1337    .data               0862100000STM32F103.lib(sys_time.o)
    0x200002c0   COMPRESSED   0x0000000c   Data   RW         1373    .data               0862100000STM32F103.lib(common.o)
    0x200002cc   COMPRESSED   0x00000006   Data   RW         1402    .data               0862100000STM32F103.lib(osal_snv.o)
    0x200002d2   COMPRESSED   0x00000002   PAD
    0x200002d4   COMPRESSED   0x00000004   Data   RW         1437    .data               0862100000STM32F103.lib(ad7799_multi_driver.o)
    0x200002d8   COMPRESSED   0x00000030   Data   RW         1467    .data               0862100000STM32F103.lib(os_core.o)
    0x20000308   COMPRESSED   0x00000004   Data   RW         1468    .data               0862100000STM32F103.lib(os_core.o)
    0x2000030c   COMPRESSED   0x00000002   Data   RW         1525    .data               0862100000STM32F103.lib(memory.o)
    0x2000030e   COMPRESSED   0x00000100   Data   RW         1558    .data               0862100000STM32F103.lib(ctype.o)
    0x2000040e   COMPRESSED   0x00000001   Data   RW         1571    .data               0862100000STM32F103.lib(copyright.o)
    0x2000040f   COMPRESSED   0x00000001   PAD
    0x20000410   COMPRESSED   0x00000004   Data   RW         2025    .data               mc_w.l(stdout.o)
    0x20000414   COMPRESSED   0x00000004   Data   RW         2039    .data               mc_w.l(errno.o)
    0x20000418        -       0x00000a00   Zero   RW            2    .bss                app.o
    0x20000e18        -       0x0000042c   Zero   RW          260    .bss                config.o
    0x20001244        -       0x000000a0   Zero   RW          297    .bss                relay.o
    0x200012e4        -       0x000006d8   Zero   RW          387    .bss                serial.o
    0x200019bc        -       0x00000208   Zero   RW          434    .bss                uartcmd.o
    0x20001bc4        -       0x00000188   Zero   RW          496    .bss                sapp.o
    0x20001d4c        -       0x00000064   Zero   RW          538    .bss                adc.o
    0x20001db0        -       0x00000054   Zero   RW          563    .bss                display.o
    0x20001e04        -       0x000000f9   Zero   RW          617    .bss                modbus.o
    0x20001efd   COMPRESSED   0x00000003   PAD
    0x20001f00        -       0x000000d0   Zero   RW          906    .bss                0862100000STM32F103.lib(timer.o)
    0x20001fd0        -       0x000001b0   Zero   RW          954    .bss                0862100000STM32F103.lib(msg.o)
    0x20002180        -       0x00000024   Zero   RW          995    .bss                0862100000STM32F103.lib(task.o)
    0x200021a4        -       0x00000100   Zero   RW         1037    .bss                0862100000STM32F103.lib(keyboard.o)
    0x200022a4        -       0x000001c0   Zero   RW         1140    .bss                0862100000STM32F103.lib(gpio.o)
    0x20002464        -       0x0000000a   Zero   RW         1243    .bss                0862100000STM32F103.lib(rtc_driver.o)
    0x2000246e   COMPRESSED   0x00000002   PAD
    0x20002470        -       0x00000040   Zero   RW         1317    .bss                0862100000STM32F103.lib(timer_driver.o)
    0x200024b0        -       0x00000a40   Zero   RW         1464    .bss                0862100000STM32F103.lib(os_core.o)
    0x20002ef0        -       0x0000008c   Zero   RW         1465    .bss                0862100000STM32F103.lib(os_core.o)
    0x20002f7c        -       0x00001018   Zero   RW         1524    .bss                0862100000STM32F103.lib(memory.o)
    0x20003f94        -       0x00000030   Zero   RW         1615    .bss                0862100000STM32F103.lib(hal_spi_driver.o)
    0x20003fc4   COMPRESSED   0x00000004   PAD
    0x20003fc8        -       0x00000400   Zero   RW          867    STACK               startup_stm32f10x_hd.o


==============================================================================

Image component sizes


      Code (inc. data)   RO Data    RW Data    ZI Data      Debug   Object Name

       320         24          0          0        100       3765   adc.o
       684        106          0         12       2560     301920   app.o
       748        132        125          1          0       2764   at.o
       166          0          0          0          0       2403   beep.o
       920         60         19         12       1068      12344   config.o
         0          0          0          0          0         32   core_cm3.o
        84          8          1          0          0       1673   dica.o
       888        100          2          4         84       5126   display.o
       176         14          0          0          0       1829   misc.o
     13080       1470          0        306        249      33797   modbus.o
        52         14         52          0          0       1280   printf.o
       336          8         10          0        160       4339   relay.o
       744         16          8          8        392       5663   sapp.o
      1720         22         16          2       1752      14614   serial.o
        36          8        304          0       1024        860   startup_stm32f10x_hd.o
       816         24          0          0          0      11273   stm32f10x_adc.o
       152          8          0          0          0       3484   stm32f10x_bkp.o
       448         10          0          0          0       3835   stm32f10x_dma.o
       232          8          0          0          0       2335   stm32f10x_exti.o
      1176         24          0          0          0       9180   stm32f10x_flash.o
       612         36          0          0          0       5949   stm32f10x_gpio.o
      1540        222          0          0          0       6810   stm32f10x_it.o
        60          6          0          0          0       1273   stm32f10x_iwdg.o
       172         12          0          0          0       1947   stm32f10x_pwr.o
       696         32          0         20          0       8896   stm32f10x_rcc.o
       272          6          0          0          0       3220   stm32f10x_rtc.o
       628         14          0          0          0       6974   stm32f10x_spi.o
      2588         64          0          0          0      23558   stm32f10x_tim.o
       808         22          0          0          0       8816   stm32f10x_usart.o
       332         28          0         20          0       1927   system_stm32f10x.o
       448         26          0          4        520       4927   uartcmd.o

    ----------------------------------------------------------------------
     30936       2524        574        396       7912     496813   Object Totals
         0          0         32          0          0          0   (incl. Generated)
         2          0          5          7          3          0   (incl. Padding)

    ----------------------------------------------------------------------

      Code (inc. data)   RO Data    RW Data    ZI Data      Debug   Library Member Name

       524         12          0          4          0       4468   ad7799_multi_driver.o
       248          8          0          0          0       1009   adc_driver.o
       280         12          0          8          0      17370   bsp.o
       328         26          0         12          0       9866   common.o
       128          8          0          1          0       2322   copyright.o
        22          0          0          0          0        260   cpu_a.o
         0          0          0        256          0        469   ctype.o
      1048          8         28        260        448       7928   gpio.o
         4          0          0          0          0        513   hal_assert.o
       130          0          0          0          0       1419   hal_flash.o
       796         38          0          0         48       5299   hal_spi_driver.o
       908         22          0          0          0       3360   help.o
        80          0          0          0          0        731   iwdg_driver.o
       476          8          0          2        256     274236   keyboard.o
       312         12          0          2       4120       2046   memory.o
       452          8          0          4        432       5925   msg.o
      1560         48        256         52       2764      14964   os_core.o
       168         40          0          0          0        316   os_cpu_a.o
       146          0          0          0          0      10981   os_cpu_c.o
      1520         40          0          0          0       5186   os_flag.o
       920         16          0          0          0       3514   os_mbox.o
       836         18          0          0          0       3234   os_sem.o
      1796         68          0          0          0       5767   os_task.o
       400         26          0          0          0       1706   os_time.o
      1128         10          0          6          0       6393   osal_snv.o
      1140         32         33          2         10       5307   rtc_driver.o
       160          6         84          0          0       1832   serial_driver.o
       340          4          0          4          0       3092   sys_time.o
       284         10          0          4         36       2187   task.o
       344         10          0          0        208      14435   timer.o
      1632         72         32         16         64       5988   timer_driver.o
        84          0          0          0          0      10173   vos.o
       104         48          0          4          0       1521   voslog.o
        34          4          0          0          0        204   dunder.o
       860         52         56          0          0        256   log.o
       170          0          0          0          0         96   poly.o
         0          0          8          0          0          0   qnan.o
        86          0          0          0          0          0   __dczerorl2.o
        28          0          0          0          0         68   _chval.o
       158          0          0          0          0         92   _strtoul.o
        26          0          0          0          0         80   atoi.o
         8          4        133          0          0         68   ctype_o.o
         0          0          0          0          0          0   entry.o
         0          0          0          0          0          0   entry10a.o
         0          0          0          0          0          0   entry11a.o
         8          4          0          0          0          0   entry2.o
         4          0          0          0          0          0   entry5.o
         0          0          0          0          0          0   entry7b.o
         0          0          0          0          0          0   entry8b.o
         8          4          0          0          0          0   entry9a.o
        20         10          0          4          0        136   errno.o
        30          0          0          0          0          0   handlers.o
        36          8          0          0          0         68   init.o
         0          0          0          0          0          0   iusefp.o
        30          0          0          0          0         68   llshl.o
        36          0          0          0          0         68   llsshr.o
        32          0          0          0          0         68   llushr.o
        26          0          0          0          0         80   memcmp.o
        36          0          0          0          0         68   memcpya.o
        36          0          0          0          0        108   memseta.o
      1204         60          0          0          0        504   printf8.o
      2288         94          0          0          0        584   printfa.o
         0          0          0          4          0          0   stdout.o
        20          0          0          0          0         68   strchr.o
        28          0          0          0          0         76   strcmp.o
        18          0          0          0          0         68   strcpy.o
        14          0          0          0          0         68   strlen.o
        30          0          0          0          0         80   strncmp.o
       112          0          0          0          0         88   strtol.o
        44          0          0          0          0         80   uidiv.o
        98          0          0          0          0         92   uldiv.o
        48          0          0          0          0         68   cdcmple.o
        48          0          0          0          0         68   cdrcmple.o
        56          0          0          0          0         88   d2f.o
       334          0          0          0          0        148   dadd.o
       222          0          0          0          0        100   ddiv.o
       186          0          0          0          0        176   depilogue.o
        62          0          0          0          0         80   dfixi.o
        50          0          0          0          0         76   dfixui.o
        48          0          0          0          0         68   dfixul.o
        34          0          0          0          0         76   dflti.o
        26          0          0          0          0         76   dfltui.o
       228          0          0          0          0         96   dmul.o
        46          0          0          0          0         80   dscalb.o
        38          0          0          0          0         68   f2d.o
       176          0          0          0          0        140   fadd.o
       124          0          0          0          0         88   fdiv.o
       110          0          0          0          0        168   fepilogue.o
        40          0          0          0          0         68   ffixui.o
        18          0          0          0          0         68   fflti.o
        10          0          0          0          0         68   ffltui.o
       100          0          0          0          0         76   fmul.o

    ----------------------------------------------------------------------
     25840        850        634        652       8392     438997   Library Totals
        10          0          4          7          6          0   (incl. Padding)

    ----------------------------------------------------------------------

      Code (inc. data)   RO Data    RW Data    ZI Data      Debug   Library Name

     18298        610        433        637       8386     433817   0862100000STM32F103.lib
      1064         56         64          0          0        556   m_ws.l
      4464        184        133          8          0       2680   mc_w.l
      2004          0          0          0          0       1944   mf_w.l

    ----------------------------------------------------------------------
     25840        850        634        652       8392     438997   Library Totals

    ----------------------------------------------------------------------

==============================================================================


      Code (inc. data)   RO Data    RW Data    ZI Data      Debug   

     56776       3374       1208       1048      16304     924706   Grand Totals
     56776       3374       1208        468      16304     924706   ELF Image Totals (compressed)
     56776       3374       1208        468          0          0   ROM Totals

==============================================================================

    Total RO  Size (Code + RO Data)                57984 (  56.63kB)
    Total RW  Size (RW Data + ZI Data)             17352 (  16.95kB)
    Total ROM Size (Code + RO Data + RW Data)      58452 (  57.08kB)

==============================================================================

